Component: ARM Compiler 5.06 update 6 (build 750) Tool: armlink [4d35ed]

==============================================================================

Section Cross References

    main.o(i.main) refers to _printf_percent.o(.ARM.Collect$$_printf_percent$$00000000) for _printf_percent
    main.o(i.main) refers to _printf_f.o(.ARM.Collect$$_printf_percent$$00000003) for _printf_f
    main.o(i.main) refers to printf1.o(x$fpl$printf1) for _printf_fp_dec
    main.o(i.main) refers to system_stm32f10x.o(i.SystemInit) for SystemInit
    main.o(i.main) refers to sys.o(i.RCC_Configuration) for RCC_Configuration
    main.o(i.main) refers to led.o(i.m_LED_Init) for m_LED_Init
    main.o(i.main) refers to sensor.o(i.m_Sensor_Init) for m_Sensor_Init
    main.o(i.main) refers to motor.o(i.m_Motor_Init) for m_Motor_Init
    main.o(i.main) refers to usart.o(i.USART3_Init) for USART3_Init
    main.o(i.main) refers to encoder.o(i.NVIC_CONF) for NVIC_CONF
    main.o(i.main) refers to encoder.o(i.m_Encoder_Init_1) for m_Encoder_Init_1
    main.o(i.main) refers to encoder.o(i.m_Encoder_Init_2) for m_Encoder_Init_2
    main.o(i.main) refers to encoder.o(i.m_Encoder_Init_TIM1) for m_Encoder_Init_TIM1
    main.o(i.main) refers to rt_memclr_w.o(.text) for __aeabi_memclr4
    main.o(i.main) refers to delay.o(i.delay_ms) for delay_ms
    main.o(i.main) refers to main.o(i.tracking) for tracking
    main.o(i.main) refers to fmul.o(x$fpl$fmul) for __aeabi_fmul
    main.o(i.main) refers to ffixu.o(x$fpl$ffixu) for __aeabi_f2uiz
    main.o(i.main) refers to fflt_clz.o(x$fpl$ffltu) for __aeabi_ui2f
    main.o(i.main) refers to faddsub_clz.o(x$fpl$fadd) for __aeabi_fadd
    main.o(i.main) refers to main.o(i.remoting) for remoting
    main.o(i.main) refers to fflt_clz.o(x$fpl$fflt) for __aeabi_i2f
    main.o(i.main) refers to fdiv.o(x$fpl$fdiv) for __aeabi_fdiv
    main.o(i.main) refers to faddsub_clz.o(x$fpl$fsub) for __aeabi_fsub
    main.o(i.main) refers to f2d.o(x$fpl$f2d) for __aeabi_f2d
    main.o(i.main) refers to __2printf.o(.text) for __2printf
    main.o(i.main) refers to common.o(.data) for SMART_CAR_MODE
    main.o(i.remoting) refers to pwm.o(i.ste_pwm3_duty) for ste_pwm3_duty
    main.o(i.remoting) refers to pwm.o(i.ste_pwm4_duty) for ste_pwm4_duty
    main.o(i.remoting) refers to pwm.o(i.ste_pwm1_duty) for ste_pwm1_duty
    main.o(i.remoting) refers to pwm.o(i.ste_pwm2_duty) for ste_pwm2_duty
    main.o(i.remoting) refers to fflt_clz.o(x$fpl$fflt) for __aeabi_i2f
    main.o(i.remoting) refers to fmul.o(x$fpl$fmul) for __aeabi_fmul
    main.o(i.remoting) refers to ffix.o(x$fpl$ffix) for __aeabi_f2iz
    main.o(i.remoting) refers to motor.o(i.speed) for speed
    main.o(i.remoting) refers to common.o(.data) for speed_ideal_left
    main.o(i.tracking) refers to sensor.o(i.get_offset) for get_offset
    main.o(i.tracking) refers to sensor.o(i.calc_speed) for calc_speed
    main.o(i.tracking) refers to motor.o(i.set_speed) for set_speed
    main.o(i.tracking) refers to motor.o(i.speed) for speed
    main.o(i.tracking) refers to common.o(.data) for car_offset
    system_stm32f10x.o(i.SetSysClock) refers to system_stm32f10x.o(i.SetSysClockTo72) for SetSysClockTo72
    system_stm32f10x.o(i.SystemCoreClockUpdate) refers to system_stm32f10x.o(.data) for SystemCoreClock
    system_stm32f10x.o(i.SystemInit) refers to system_stm32f10x.o(i.SetSysClock) for SetSysClock
    sensor.o(i.calc_speed) refers to pid.o(i.calc_pid_direction) for calc_pid_direction
    sensor.o(i.calc_speed) refers to frleqf.o(x$fpl$frleqf) for __aeabi_cfrcmple
    sensor.o(i.calc_speed) refers to fmul.o(x$fpl$fmul) for __aeabi_fmul
    sensor.o(i.calc_speed) refers to faddsub_clz.o(x$fpl$fadd) for __aeabi_fadd
    sensor.o(i.calc_speed) refers to faddsub_clz.o(x$fpl$frsb) for __aeabi_frsub
    sensor.o(i.calc_speed) refers to fdiv.o(x$fpl$fdiv) for __aeabi_fdiv
    sensor.o(i.calc_speed) refers to fflt_clz.o(x$fpl$fflt) for __aeabi_i2f
    sensor.o(i.calc_speed) refers to ffix.o(x$fpl$ffix) for __aeabi_f2iz
    sensor.o(i.calc_speed) refers to common.o(.data) for car_offset
    sensor.o(i.get_offset) refers to stm32f10x_gpio.o(i.GPIO_ReadInputDataBit) for GPIO_ReadInputDataBit
    sensor.o(i.get_offset) refers to common.o(.data) for car_offset
    sensor.o(i.m_Sensor_Init) refers to stm32f10x_rcc.o(i.RCC_APB2PeriphClockCmd) for RCC_APB2PeriphClockCmd
    sensor.o(i.m_Sensor_Init) refers to stm32f10x_gpio.o(i.GPIO_PinRemapConfig) for GPIO_PinRemapConfig
    sensor.o(i.m_Sensor_Init) refers to stm32f10x_gpio.o(i.GPIO_Init) for GPIO_Init
    sensor.o(i.read_sensor_left_mid) refers to stm32f10x_gpio.o(i.GPIO_ReadInputDataBit) for GPIO_ReadInputDataBit
    sensor.o(i.read_sensor_left_mid) refers to sensor.o(.data) for left_mid_logged
    sensor.o(i.read_sensor_left_side) refers to stm32f10x_gpio.o(i.GPIO_ReadInputDataBit) for GPIO_ReadInputDataBit
    sensor.o(i.read_sensor_left_side) refers to sensor.o(.data) for left_side_logged
[...]
    .ARM.Collect$$libshutdown$$00000010      0x08000186   Section        2  libshutdown2.o(.ARM.Collect$$libshutdown$$00000010)
    .ARM.Collect$$rtentry$$00000000          0x08000188   Section        0  __rtentry.o(.ARM.Collect$$rtentry$$00000000)
    .ARM.Collect$$rtentry$$00000002          0x08000188   Section        0  __rtentry2.o(.ARM.Collect$$rtentry$$00000002)
    .ARM.Collect$$rtentry$$00000004          0x08000188   Section        6  __rtentry4.o(.ARM.Collect$$rtentry$$00000004)
    .ARM.Collect$$rtentry$$00000009          0x0800018e   Section        0  __rtentry2.o(.ARM.Collect$$rtentry$$00000009)
    .ARM.Collect$$rtentry$$0000000A          0x0800018e   Section        4  __rtentry2.o(.ARM.Collect$$rtentry$$0000000A)
    .ARM.Collect$$rtentry$$0000000C          0x08000192   Section        0  __rtentry2.o(.ARM.Collect$$rtentry$$0000000C)
    .ARM.Collect$$rtentry$$0000000D          0x08000192   Section        8  __rtentry2.o(.ARM.Collect$$rtentry$$0000000D)
    .ARM.Collect$$rtexit$$00000000           0x0800019a   Section        2  rtexit.o(.ARM.Collect$$rtexit$$00000000)
    .ARM.Collect$$rtexit$$00000002           0x0800019c   Section        0  rtexit2.o(.ARM.Collect$$rtexit$$00000002)
    .ARM.Collect$$rtexit$$00000003           0x0800019c   Section        4  rtexit2.o(.ARM.Collect$$rtexit$$00000003)
    .ARM.Collect$$rtexit$$00000004           0x080001a0   Section        6  rtexit2.o(.ARM.Collect$$rtexit$$00000004)
    .text                                    0x080001a8   Section       64  startup_stm32f10x_md.o(.text)
    .text                                    0x080001e8   Section        2  use_no_semi_2.o(.text)
    .text                                    0x080001ec   Section        0  __2printf.o(.text)
    .text                                    0x08000204   Section        0  _printf_dec.o(.text)
    .text                                    0x0800027c   Section        0  __printf_flags_ss_wp.o(.text)
    .text                                    0x08000404   Section       78  rt_memclr_w.o(.text)
    .text                                    0x08000452   Section        0  heapauxi.o(.text)
    .text                                    0x08000458   Section        2  use_no_semi.o(.text)
    .text                                    0x0800045a   Section        0  _printf_intcommon.o(.text)
    .text                                    0x0800050c   Section        0  _printf_fp_dec.o(.text)
    _fp_digits                               0x0800050f   Thumb Code   432  _printf_fp_dec.o(.text)
    .text                                    0x0800092c   Section        0  _printf_char_common.o(.text)
    _printf_input_char                       0x0800092d   Thumb Code    10  _printf_char_common.o(.text)
    .text                                    0x0800095c   Section        0  _printf_char_file.o(.text)
    .text                                    0x08000980   Section        8  rt_locale_intlibspace.o(.text)
    .text                                    0x08000988   Section      138  lludiv10.o(.text)
    .text                                    0x08000a14   Section        0  _printf_fp_infnan.o(.text)
    .text                                    0x08000a94   Section        0  bigflt0.o(.text)
    .text                                    0x08000b78   Section        0  ferror.o(.text)
    .text                                    0x08000b80   Section        8  libspace.o(.text)
    .text                                    0x08000b88   Section       74  sys_stackheap_outer.o(.text)
    .text                                    0x08000bd2   Section        0  exit.o(.text)
    .text                                    0x08000be4   Section      128  strcmpv7m.o(.text)
    CL$$btod_d2e                             0x08000c64   Section       62  btod.o(CL$$btod_d2e)
    CL$$btod_d2e_denorm_low                  0x08000ca2   Section       70  btod.o(CL$$btod_d2e_denorm_low)
    CL$$btod_d2e_norm_op1                    0x08000ce8   Section       96  btod.o(CL$$btod_d2e_norm_op1)
    CL$$btod_div_common                      0x08000d48   Section      824  btod.o(CL$$btod_div_common)
    CL$$btod_e2e                             0x08001080   Section      220  btod.o(CL$$btod_e2e)
    CL$$btod_ediv                            0x0800115c   Section       42  btod.o(CL$$btod_ediv)
    CL$$btod_emul                            0x08001186   Section       42  btod.o(CL$$btod_emul)
    CL$$btod_mult_common                     0x080011b0   Section      580  btod.o(CL$$btod_mult_common)
    i.BusFault_Handler                       0x080013f4   Section        0  stm32f10x_it.o(i.BusFault_Handler)
    i.DebugMon_Handler                       0x080013f8   Section        0  stm32f10x_it.o(i.DebugMon_Handler)
    i.FLASH_PrefetchBufferCmd                0x080013fc   Section        0  stm32f10x_flash.o(i.FLASH_PrefetchBufferCmd)
    i.FLASH_SetLatency                       0x08001418   Section        0  stm32f10x_flash.o(i.FLASH_SetLatency)
    i.GPIO_Init                              0x08001430   Section        0  stm32f10x_gpio.o(i.GPIO_Init)
    i.GPIO_PinRemapConfig                    0x08001548   Section        0  stm32f10x_gpio.o(i.GPIO_PinRemapConfig)
    i.GPIO_ReadInputDataBit                  0x080015d8   Section        0  stm32f10x_gpio.o(i.GPIO_ReadInputDataBit)
    i.HardFault_Handler                      0x080015ea   Section        0  stm32f10x_it.o(i.HardFault_Handler)
    i.MemManage_Handler                      0x080015ee   Section        0  stm32f10x_it.o(i.MemManage_Handler)
    i.NMI_Handler                            0x080015f2   Section        0  stm32f10x_it.o(i.NMI_Handler)
    i.NVIC_CONF                              0x080015f4   Section        0  encoder.o(i.NVIC_CONF)
    i.NVIC_Init                              0x08001610   Section        0  misc.o(i.NVIC_Init)
    i.NVIC_PriorityGroupConfig               0x08001680   Section        0  misc.o(i.NVIC_PriorityGroupConfig)
    i.PendSV_Handler                         0x08001694   Section        0  stm32f10x_it.o(i.PendSV_Handler)
    i.RCC_APB1PeriphClockCmd                 0x08001698   Section        0  stm32f10x_rcc.o(i.RCC_APB1PeriphClockCmd)
    i.RCC_APB2PeriphClockCmd                 0x080016b8   Section        0  stm32f10x_rcc.o(i.RCC_APB2PeriphClockCmd)
    i.RCC_Configuration                      0x080016d8   Section        0  sys.o(i.RCC_Configuration)
    i.RCC_DeInit                             0x08001748   Section        0  stm32f10x_rcc.o(i.RCC_DeInit)
    i.RCC_GetClocksFreq                      0x08001794   Section        0  stm32f10x_rcc.o(i.RCC_GetClocksFreq)
    i.RCC_GetFlagStatus                      0x08001868   Section        0  stm32f10x_rcc.o(i.RCC_GetFlagStatus)
    i.RCC_GetSYSCLKSource                    0x080018a4   Section        0  stm32f10x_rcc.o(i.RCC_GetSYSCLKSource)
    i.RCC_HCLKConfig                         0x080018b4   Section        0  stm32f10x_rcc.o(i.RCC_HCLKConfig)
    i.RCC_HSEConfig                          0x080018cc   Section        0  stm32f10x_rcc.o(i.RCC_HSEConfig)
    i.RCC_PCLK1Config                        0x08001918   Section        0  stm32f10x_rcc.o(i.RCC_PCLK1Config)
    i.RCC_PCLK2Config                        0x08001930   Section        0  stm32f10x_rcc.o(i.RCC_PCLK2Config)
    i.RCC_PLLCmd                             0x08001948   Section        0  stm32f10x_rcc.o(i.RCC_PLLCmd)
    i.RCC_PLLConfig                          0x08001954   Section        0  stm32f10x_rcc.o(i.RCC_PLLConfig)
    i.RCC_SYSCLKConfig                       0x08001970   Section        0  stm32f10x_rcc.o(i.RCC_SYSCLKConfig)
    i.RCC_WaitForHSEStartUp                  0x08001988   Section        0  stm32f10x_rcc.o(i.RCC_WaitForHSEStartUp)
    i.SVC_Handler                            0x080019c0   Section        0  stm32f10x_it.o(i.SVC_Handler)
    i.SetSysClock                            0x080019c2   Section        0  system_stm32f10x.o(i.SetSysClock)
    SetSysClock                              0x080019c3   Thumb Code     8  system_stm32f10x.o(i.SetSysClock)
    i.SetSysClockTo72                        0x080019cc   Section        0  system_stm32f10x.o(i.SetSysClockTo72)
    SetSysClockTo72                          0x080019cd   Thumb Code   214  system_stm32f10x.o(i.SetSysClockTo72)
    i.SysTick_Handler                        0x08001aac   Section        0  stm32f10x_it.o(i.SysTick_Handler)
    i.SystemInit                             0x08001ab0   Section        0  system_stm32f10x.o(i.SystemInit)
    i.TI1_Config                             0x08001b10   Section        0  stm32f10x_tim.o(i.TI1_Config)
    TI1_Config                               0x08001b11   Thumb Code   108  stm32f10x_tim.o(i.TI1_Config)
    i.TI2_Config                             0x08001b90   Section        0  stm32f10x_tim.o(i.TI2_Config)
    TI2_Config                               0x08001b91   Thumb Code   130  stm32f10x_tim.o(i.TI2_Config)
    i.TI3_Config                             0x08001c28   Section        0  stm32f10x_tim.o(i.TI3_Config)
    TI3_Config                               0x08001c29   Thumb Code   122  stm32f10x_tim.o(i.TI3_Config)
    i.TI4_Config                             0x08001cb8   Section        0  stm32f10x_tim.o(i.TI4_Config)
    TI4_Config                               0x08001cb9   Thumb Code   130  stm32f10x_tim.o(i.TI4_Config)
    i.TIM1_UP_IRQHandler                     0x08001d50   Section        0  encoder.o(i.TIM1_UP_IRQHandler)
    i.TIM2_IRQHandler                        0x08001d9c   Section        0  encoder.o(i.TIM2_IRQHandler)
    i.TIM3_PWM_Init                          0x08001db4   Section        0  pwm.o(i.TIM3_PWM_Init)
    i.TIM4_IRQHandler                        0x08001ed4   Section        0  encoder.o(i.TIM4_IRQHandler)
    i.TIM_ARRPreloadConfig                   0x08001ef0   Section        0  stm32f10x_tim.o(i.TIM_ARRPreloadConfig)
    i.TIM_ClearFlag                          0x08001f08   Section        0  stm32f10x_tim.o(i.TIM_ClearFlag)
    i.TIM_ClearITPendingBit                  0x08001f0e   Section        0  stm32f10x_tim.o(i.TIM_ClearITPendingBit)
    i.TIM_Cmd                                0x08001f14   Section        0  stm32f10x_tim.o(i.TIM_Cmd)
    i.TIM_CtrlPWMOutputs                     0x08001f2c   Section        0  stm32f10x_tim.o(i.TIM_CtrlPWMOutputs)
    i.TIM_EncoderInterfaceConfig             0x08001f4a   Section        0  stm32f10x_tim.o(i.TIM_EncoderInterfaceConfig)
    i.TIM_GetITStatus                        0x08001f8c   Section        0  stm32f10x_tim.o(i.TIM_GetITStatus)
    i.TIM_ICInit                             0x08001fb0   Section        0  stm32f10x_tim.o(i.TIM_ICInit)
    i.TIM_ICStructInit                       0x0800205c   Section        0  stm32f10x_tim.o(i.TIM_ICStructInit)
    i.TIM_ITConfig                           0x0800206e   Section        0  stm32f10x_tim.o(i.TIM_ITConfig)
    i.TIM_OC1Init                            0x08002080   Section        0  stm32f10x_tim.o(i.TIM_OC1Init)
    i.TIM_OC2Init                            0x08002118   Section        0  stm32f10x_tim.o(i.TIM_OC2Init)
    i.TIM_OC2PreloadConfig                   0x080021bc   Section        0  stm32f10x_tim.o(i.TIM_OC2PreloadConfig)
    i.TIM_OC3Init                            0x080021d8   Section        0  stm32f10x_tim.o(i.TIM_OC3Init)
    i.TIM_OC3PreloadConfig                   0x08002278   Section        0  stm32f10x_tim.o(i.TIM_OC3PreloadConfig)
    i.TIM_OC4Init                            0x0800228c   Section        0  stm32f10x_tim.o(i.TIM_OC4Init)
    i.TIM_OC4PreloadConfig                   0x08002308   Section        0  stm32f10x_tim.o(i.TIM_OC4PreloadConfig)
    i.TIM_SetCounter                         0x08002322   Section        0  stm32f10x_tim.o(i.TIM_SetCounter)
    i.TIM_SetIC1Prescaler                    0x08002326   Section        0  stm32f10x_tim.o(i.TIM_SetIC1Prescaler)
    i.TIM_SetIC2Prescaler                    0x08002338   Section        0  stm32f10x_tim.o(i.TIM_SetIC2Prescaler)
    i.TIM_SetIC3Prescaler                    0x08002352   Section        0  stm32f10x_tim.o(i.TIM_SetIC3Prescaler)
    i.TIM_SetIC4Prescaler                    0x08002364   Section        0  stm32f10x_tim.o(i.TIM_SetIC4Prescaler)
    i.TIM_TimeBaseInit                       0x08002380   Section        0  stm32f10x_tim.o(i.TIM_TimeBaseInit)
    i.TIM_TimeBaseStructInit                 0x08002424   Section        0  stm32f10x_tim.o(i.TIM_TimeBaseStructInit)
    i.USART3_IRQHandler                      0x08002438   Section        0  usart.o(i.USART3_IRQHandler)
    i.USART3_Init                            0x0800245c   Section        0  usart.o(i.USART3_Init)
    i.USART_Cmd                              0x08002508   Section        0  stm32f10x_usart.o(i.USART_Cmd)
    i.USART_GetITStatus                      0x08002520   Section        0  stm32f10x_usart.o(i.USART_GetITStatus)
    i.USART_ITConfig                         0x08002574   Section        0  stm32f10x_usart.o(i.USART_ITConfig)
    i.USART_Init                             0x080025c0   Section        0  stm32f10x_usart.o(i.USART_Init)
    i.USART_ReceiveData                      0x08002698   Section        0  stm32f10x_usart.o(i.USART_ReceiveData)
    i.UsageFault_Handler                     0x080026a2   Section        0  stm32f10x_it.o(i.UsageFault_Handler)
    i.__ARM_fpclassify                       0x080026a6   Section        0  fpclassify.o(i.__ARM_fpclassify)
    i._is_digit                              0x080026ce   Section        0  __printf_wp.o(i._is_digit)
    i._sys_exit                              0x080026dc   Section        0  usart.o(i._sys_exit)
    i.calc_pid                               0x080026e4   Section        0  pid.o(i.calc_pid)
    i.calc_pid_direction                     0x080027b4   Section        0  pid.o(i.calc_pid_direction)
    i.calc_pid_r                             0x080028f8   Section        0  pid.o(i.calc_pid_r)
    i.calc_speed                             0x080029c8   Section        0  sensor.o(i.calc_speed)
    i.delay_ms                               0x08002ac0   Section        0  delay.o(i.delay_ms)
    i.delay_us                               0x08002ada   Section        0  delay.o(i.delay_us)
    i.fputc                                  0x08002b08   Section        0  usart.o(i.fputc)
    i.get_offset                             0x08002b24   Section        0  sensor.o(i.get_offset)
    i.m_Encoder_Init_1                       0x08002bdc   Section        0  encoder.o(i.m_Encoder_Init_1)
    i.m_Encoder_Init_2                       0x08002c7c   Section        0  encoder.o(i.m_Encoder_Init_2)
    i.m_Encoder_Init_TIM1                    0x08002d18   Section        0  encoder.o(i.m_Encoder_Init_TIM1)
    i.m_LED_Init                             0x08002d70   Section        0  led.o(i.m_LED_Init)
    i.m_Motor_Init                           0x08002d94   Section        0  motor.o(i.m_Motor_Init)
    i.m_Sensor_Init                          0x08002da0   Section        0  sensor.o(i.m_Sensor_Init)
    i.main                                   0x08002dd4   Section        0  main.o(i.main)
    i.read_encoder_l                         0x08002f04   Section        0  encoder.o(i.read_encoder_l)
    i.read_encoder_r                         0x08002f10   Section        0  encoder.o(i.read_encoder_r)
    i.remoterHandler                         0x08002f1c   Section        0  motor.o(i.remoterHandler)
    i.remoting                               0x080033a0   Section        0  main.o(i.remoting)
    i.set_speed                              0x08003428   Section        0  motor.o(i.set_speed)
    i.speed                                  0x0800343c   Section        0  motor.o(i.speed)
    i.speed2PWM                              0x08003634   Section        0  motor.o(i.speed2PWM)
    i.ste_pwm1_duty                          0x080036ac   Section        0  pwm.o(i.ste_pwm1_duty)
    i.ste_pwm2_duty                          0x080036f8   Section        0  pwm.o(i.ste_pwm2_duty)
    i.ste_pwm3_duty                          0x08003744   Section        0  pwm.o(i.ste_pwm3_duty)
    i.ste_pwm4_duty                          0x08003790   Section        0  pwm.o(i.ste_pwm4_duty)
    i.tracking                               0x080037dc   Section        0  main.o(i.tracking)
    locale$$code                             0x0800381c   Section       44  lc_numeric_c.o(locale$$code)
    x$fpl$d2f                                0x08003848   Section       98  d2f.o(x$fpl$d2f)
    x$fpl$dadd                               0x080038ac   Section      336  daddsub_clz.o(x$fpl$dadd)
    _dadd1                                   0x080038bd   Thumb Code     0  daddsub_clz.o(x$fpl$dadd)
    x$fpl$dcmpinf                            0x080039fc   Section       24  dcmpi.o(x$fpl$dcmpinf)
    x$fpl$ddiv                               0x08003a14   Section      688  ddiv.o(x$fpl$ddiv)
    ddiv_entry                               0x08003a1b   Thumb Code     0  ddiv.o(x$fpl$ddiv)
    x$fpl$dfix                               0x08003cc4   Section       94  dfix.o(x$fpl$dfix)
    x$fpl$dflt                               0x08003d22   Section       46  dflt_clz.o(x$fpl$dflt)
    x$fpl$dleqf                              0x08003d50   Section      120  dleqf.o(x$fpl$dleqf)
    x$fpl$dmul                               0x08003dc8   Section      340  dmul.o(x$fpl$dmul)
    x$fpl$dnaninf                            0x08003f1c   Section      156  dnaninf.o(x$fpl$dnaninf)
    x$fpl$dretinf                            0x08003fb8   Section       12  dretinf.o(x$fpl$dretinf)
    x$fpl$drleqf                             0x08003fc4   Section      108  drleqf.o(x$fpl$drleqf)
    x$fpl$dsub                               0x08004030   Section      468  daddsub_clz.o(x$fpl$dsub)
    _dsub1                                   0x08004041   Thumb Code     0  daddsub_clz.o(x$fpl$dsub)
    x$fpl$f2d                                0x08004204   Section       86  f2d.o(x$fpl$f2d)
    x$fpl$fadd                               0x0800425c   Section      196  faddsub_clz.o(x$fpl$fadd)
    _fadd1                                   0x0800426b   Thumb Code     0  faddsub_clz.o(x$fpl$fadd)
    x$fpl$fcmpinf                            0x08004320   Section       24  fcmpi.o(x$fpl$fcmpinf)
    x$fpl$fdiv                               0x08004338   Section      388  fdiv.o(x$fpl$fdiv)
    _fdiv1                                   0x08004339   Thumb Code     0  fdiv.o(x$fpl$fdiv)
    x$fpl$ffix                               0x080044bc   Section       54  ffix.o(x$fpl$ffix)
    x$fpl$ffixu                              0x080044f4   Section       62  ffixu.o(x$fpl$ffixu)
    x$fpl$fflt                               0x08004534   Section       48  fflt_clz.o(x$fpl$fflt)
    x$fpl$ffltu                              0x08004564   Section       38  fflt_clz.o(x$fpl$ffltu)
    x$fpl$fleqf                              0x0800458c   Section      104  fleqf.o(x$fpl$fleqf)
    x$fpl$fmul                               0x080045f4   Section      258  fmul.o(x$fpl$fmul)
    x$fpl$fnaninf                            0x080046f6   Section      140  fnaninf.o(x$fpl$fnaninf)
    x$fpl$fretinf                            0x08004782   Section       10  fretinf.o(x$fpl$fretinf)
    x$fpl$frleqf                             0x0800478c   Section       98  frleqf.o(x$fpl$frleqf)
    x$fpl$frsb                               0x080047ee   Section       20  faddsub_clz.o(x$fpl$frsb)
    x$fpl$fsub                               0x08004804   Section      234  faddsub_clz.o(x$fpl$fsub)
    _fsub1                                   0x08004813   Thumb Code     0  faddsub_clz.o(x$fpl$fsub)
    x$fpl$printf1                            0x080048ee   Section        4  printf1.o(x$fpl$printf1)
    .constdata                               0x080048f2   Section       17  __printf_flags_ss_wp.o(.constdata)
    x$fpl$usenofp                            0x080048f2   Section        0  usenofp.o(x$fpl$usenofp)
    maptable                                 0x080048f2   Data          17  __printf_flags_ss_wp.o(.constdata)
    .constdata                               0x08004904   Section      148  bigflt0.o(.constdata)
    tenpwrs_x                                0x08004904   Data          60  bigflt0.o(.constdata)
    tenpwrs_i                                0x08004940   Data          64  bigflt0.o(.constdata)
    locale$$data                             0x080049b8   Section       28  lc_numeric_c.o(locale$$data)
    __lcnum_c_name                           0x080049bc   Data           2  lc_numeric_c.o(locale$$data)
    __lcnum_c_start                          0x080049c4   Data           0  lc_numeric_c.o(locale$$data)
    __lcnum_c_point                          0x080049d0   Data           0  lc_numeric_c.o(locale$$data)
    __lcnum_c_thousands                      0x080049d2   Data           0  lc_numeric_c.o(locale$$data)
    __lcnum_c_grouping                       0x080049d3   Data           0  lc_numeric_c.o(locale$$data)
    __lcnum_c_end                            0x080049d4   Data           0  lc_numeric_c.o(locale$$data)
    .data                                    0x20000000   Section        4  motor.o(.data)
    .data                                    0x20000004   Section        4  pwm.o(.data)
    .data                                    0x20000008   Section        6  usart.o(.data)
    .data                                    0x20000010   Section       62  common.o(.data)
    .data                                    0x20000050   Section       24  pid.o(.data)
    .data                                    0x20000068   Section       20  stm32f10x_rcc.o(.data)
    APBAHBPrescTable                         0x20000068   Data          16  stm32f10x_rcc.o(.data)
    ADCPrescTable                            0x20000078   Data           4  stm32f10x_rcc.o(.data)
    .bss                                     0x2000007c   Section       96  libspace.o(.bss)
    HEAP                                     0x200000e0   Section      512  startup_stm32f10x_md.o(HEAP)
    Heap_Mem                                 0x200000e0   Data         512  startup_stm32f10x_md.o(HEAP)
    STACK                                    0x200002e0   Section     1024  startup_stm32f10x_md.o(STACK)
    Stack_Mem                                0x200002e0   Data        1024  startup_stm32f10x_md.o(STACK)
    __initial_sp                             0x200006e0   Data           0  startup_stm32f10x_md.o(STACK)

    Global Symbols

    Symbol Name                              Value     Ov Type        Size  Object(Section)

    BuildAttributes$$THM_ISAv4$P$D$K$B$S$PE$A:L22UL41UL21$X:L11$S22US41US21$IEEE1$IW$USESV6$~STKCKD$USESV7$~SHL$OTIME$ROPI$IEEEJ$EBA8$UX$STANDARDLIB$REQ8$PRES8$EABIv2 0x00000000   Number         0  anon$$obj.o ABSOLUTE
    __ARM_use_no_argv                        0x00000000   Number         0  main.o ABSOLUTE
    _printf_flags                            0x00000000   Number         0  printf_stubs.o ABSOLUTE
    _printf_return_value                     0x00000000   Number         0  printf_stubs.o ABSOLUTE
    _printf_sizespec                         0x00000000   Number         0  printf_stubs.o ABSOLUTE
    _printf_widthprec                        0x00000000   Number         0  printf_stubs.o ABSOLUTE
    __ARM_exceptions_init                     - Undefined Weak Reference
    __alloca_initialize                       - Undefined Weak Reference
    __arm_preinit_                            - Undefined Weak Reference
    __cpp_initialize__aeabi_                  - Undefined Weak Reference
    __cxa_finalize                            - Undefined Weak Reference
    __sigvec_lookup                           - Undefined Weak Reference
    _atexit_init                              - Undefined Weak Reference
    _call_atexit_fns                          - Undefined Weak Reference
    _clock_init                               - Undefined Weak Reference
    _fp_trap_init                             - Undefined Weak Reference
    _fp_trap_shutdown                         - Undefined Weak Reference
    _get_lc_collate                           - Undefined Weak Reference
    _get_lc_monetary                          - Undefined Weak Reference
    _get_lc_time                              - Undefined Weak Reference
    _getenv_init                              - Undefined Weak Reference
    _handle_redirection                       - Undefined Weak Reference
    _init_alloc                               - Undefined Weak Reference
    _init_user_alloc                          - Undefined Weak Reference
    _initio                                   - Undefined Weak Reference
    _mutex_acquire                            - Undefined Weak Reference
    _mutex_release                            - Undefined Weak Reference
    _printf_mbtowc                            - Undefined Weak Reference
    _printf_wc                                - Undefined Weak Reference
    _rand_init                                - Undefined Weak Reference
    _signal_finish                            - Undefined Weak Reference
    _signal_init                              - Undefined Weak Reference
    _terminate_alloc                          - Undefined Weak Reference
    _terminate_user_alloc                     - Undefined Weak Reference
    _terminateio                              - Undefined Weak Reference
    __Vectors_Size                           0x000000ec   Number         0  startup_stm32f10x_md.o ABSOLUTE
    __Vectors                                0x08000000   Data           4  startup_stm32f10x_md.o(RESET)
    __Vectors_End                            0x080000ec   Data           0  startup_stm32f10x_md.o(RESET)
    __main                                   0x080000ed   Thumb Code     8  __main.o(!!!main)
    __scatterload                            0x080000f5   Thumb Code     0  __scatter.o(!!!scatter)
    __scatterload_rt2                        0x080000f5   Thumb Code    44  __scatter.o(!!!scatter)
    __scatterload_rt2_thumb_only             0x080000f5   Thumb Code     0  __scatter.o(!!!scatter)
    __scatterload_null                       0x08000103   Thumb Code     0  __scatter.o(!!!scatter)
    __scatterload_copy                       0x08000129   Thumb Code    26  __scatter_copy.o(!!handler_copy)
    __scatterload_zeroinit                   0x08000145   Thumb Code    28  __scatter_zi.o(!!handler_zi)
    _printf_f                                0x08000161   Thumb Code     0  _printf_f.o(.ARM.Collect$$_printf_percent$$00000003)
    _printf_percent                          0x08000161   Thumb Code     0  _printf_percent.o(.ARM.Collect$$_printf_percent$$00000000)
    _printf_d                                0x08000167   Thumb Code     0  _printf_d.o(.ARM.Collect$$_printf_percent$$00000009)
    _printf_percent_end                      0x0800016d   Thumb Code     0  _printf_percent_end.o(.ARM.Collect$$_printf_percent$$00000017)
    __rt_lib_init                            0x08000171   Thumb Code     0  libinit.o(.ARM.Collect$$libinit$$00000000)
    __rt_lib_init_fp_1                       0x08000173   Thumb Code     0  libinit2.o(.ARM.Collect$$libinit$$00000002)
    __rt_lib_init_heap_1                     0x08000173   Thumb Code     0  libinit2.o(.ARM.Collect$$libinit$$0000000A)
    __rt_lib_init_lc_common                  0x08000173   Thumb Code     0  libinit2.o(.ARM.Collect$$libinit$$0000000F)
    __rt_lib_init_preinit_1                  0x08000173   Thumb Code     0  libinit2.o(.ARM.Collect$$libinit$$00000004)
    __rt_lib_init_rand_1                     0x08000173   Thumb Code     0  libinit2.o(.ARM.Collect$$libinit$$0000000E)
    __rt_lib_init_user_alloc_1               0x08000173   Thumb Code     0  libinit2.o(.ARM.Collect$$libinit$$0000000C)
    __rt_lib_init_lc_collate_1               0x08000179   Thumb Code     0  libinit2.o(.ARM.Collect$$libinit$$00000011)
    __rt_lib_init_lc_ctype_1                 0x08000179   Thumb Code     0  libinit2.o(.ARM.Collect$$libinit$$00000013)
    __rt_lib_init_lc_monetary_1              0x08000179   Thumb Code     0  libinit2.o(.ARM.Collect$$libinit$$00000015)
    __rt_lib_init_lc_numeric_2               0x08000179   Thumb Code     0  libinit2.o(.ARM.Collect$$libinit$$00000016)
    __rt_lib_init_alloca_1                   0x08000183   Thumb Code     0  libinit2.o(.ARM.Collect$$libinit$$0000002E)
    __rt_lib_init_argv_1                     0x08000183   Thumb Code     0  libinit2.o(.ARM.Collect$$libinit$$0000002C)
    __rt_lib_init_atexit_1                   0x08000183   Thumb Code     0  libinit2.o(.ARM.Collect$$libinit$$0000001B)
    __rt_lib_init_clock_1                    0x08000183   Thumb Code     0  libinit2.o(.ARM.Collect$$libinit$$00000021)
    __rt_lib_init_cpp_1                      0x08000183   Thumb Code     0  libinit2.o(.ARM.Collect$$libinit$$00000032)
    __rt_lib_init_exceptions_1               0x08000183   Thumb Code     0  libinit2.o(.ARM.Collect$$libinit$$00000030)
    __rt_lib_init_fp_trap_1                  0x08000183   Thumb Code     0  libinit2.o(.ARM.Collect$$libinit$$0000001F)
    __rt_lib_init_getenv_1                   0x08000183   Thumb Code     0  libinit2.o(.ARM.Collect$$libinit$$00000023)
    __rt_lib_init_lc_numeric_1               0x08000183   Thumb Code     0  libinit2.o(.ARM.Collect$$libinit$$00000017)
    __rt_lib_init_lc_time_1                  0x08000183   Thumb Code     0  libinit2.o(.ARM.Collect$$libinit$$00000019)
    __rt_lib_init_return                     0x08000183   Thumb Code     0  libinit2.o(.ARM.Collect$$libinit$$00000033)
    __rt_lib_init_signal_1                   0x08000183   Thumb Code     0  libinit2.o(.ARM.Collect$$libinit$$0000001D)
    __rt_lib_init_stdio_1                    0x08000183   Thumb Code     0  libinit2.o(.ARM.Collect$$libinit$$00000025)
    __rt_lib_shutdown                        0x08000185   Thumb Code     0  libshutdown.o(.ARM.Collect$$libshutdown$$00000000)
    __rt_lib_shutdown_cpp_1                  0x08000187   Thumb Code     0  libshutdown2.o(.ARM.Collect$$libshutdown$$00000002)
    __rt_lib_shutdown_fp_trap_1              0x08000187   Thumb Code     0  libshutdown2.o(.ARM.Collect$$libshutdown$$00000007)
    __rt_lib_shutdown_heap_1                 0x08000187   Thumb Code     0  libshutdown2.o(.ARM.Collect$$libshutdown$$0000000F)
    __rt_lib_shutdown_return                 0x08000187   Thumb Code     0  libshutdown2.o(.ARM.Collect$$libshutdown$$00000010)
    __rt_lib_shutdown_signal_1               0x08000187   Thumb Code     0  libshutdown2.o(.ARM.Collect$$libshutdown$$0000000A)
    __rt_lib_shutdown_stdio_1                0x08000187   Thumb Code     0  libshutdown2.o(.ARM.Collect$$libshutdown$$00000004)
    __rt_lib_shutdown_user_alloc_1           0x08000187   Thumb Code     0  libshutdown2.o(.ARM.Collect$$libshutdown$$0000000C)
    __rt_entry                               0x08000189   Thumb Code     0  __rtentry.o(.ARM.Collect$$rtentry$$00000000)
    __rt_entry_presh_1                       0x08000189   Thumb Code     0  __rtentry2.o(.ARM.Collect$$rtentry$$00000002)
    __rt_entry_sh                            0x08000189   Thumb Code     0  __rtentry4.o(.ARM.Collect$$rtentry$$00000004)
    __rt_entry_li                            0x0800018f   Thumb Code     0  __rtentry2.o(.ARM.Collect$$rtentry$$0000000A)
    __rt_entry_postsh_1                      0x0800018f   Thumb Code     0  __rtentry2.o(.ARM.Collect$$rtentry$$00000009)
    __rt_entry_main                          0x08000193   Thumb Code     0  __rtentry2.o(.ARM.Collect$$rtentry$$0000000D)
    __rt_entry_postli_1                      0x08000193   Thumb Code     0  __rtentry2.o(.ARM.Collect$$rtentry$$0000000C)
    __rt_exit                                0x0800019b   Thumb Code     0  rtexit.o(.ARM.Collect$$rtexit$$00000000)
    __rt_exit_ls                             0x0800019d   Thumb Code     0  rtexit2.o(.ARM.Collect$$rtexit$$00000003)
    __rt_exit_prels_1                        0x0800019d   Thumb Code     0  rtexit2.o(.ARM.Collect$$rtexit$$00000002)
    __rt_exit_exit                           0x080001a1   Thumb Code     0  rtexit2.o(.ARM.Collect$$rtexit$$00000004)
    Reset_Handler                            0x080001a9   Thumb Code     8  startup_stm32f10x_md.o(.text)
    ADC1_2_IRQHandler                        0x080001c3   Thumb Code     0  startup_stm32f10x_md.o(.text)
    CAN1_RX1_IRQHandler                      0x080001c3   Thumb Code     0  startup_stm32f10x_md.o(.text)
    CAN1_SCE_IRQHandler                      0x080001c3   Thumb Code     0  startup_stm32f10x_md.o(.text)
    DMA1_Channel1_IRQHandler                 0x080001c3   Thumb Code     0  startup_stm32f10x_md.o(.text)
    DMA1_Channel2_IRQHandler                 0x080001c3   Thumb Code     0  startup_stm32f10x_md.o(.text)
    DMA1_Channel3_IRQHandler                 0x080001c3   Thumb Code     0  startup_stm32f10x_md.o(.text)
    DMA1_Channel4_IRQHandler                 0x080001c3   Thumb Code     0  startup_stm32f10x_md.o(.text)
    DMA1_Channel5_IRQHandler                 0x080001c3   Thumb Code     0  startup_stm32f10x_md.o(.text)
    DMA1_Channel6_IRQHandler                 0x080001c3   Thumb Code     0  startup_stm32f10x_md.o(.text)
    DMA1_Channel7_IRQHandler                 0x080001c3   Thumb Code     0  startup_stm32f10x_md.o(.text)
    EXTI0_IRQHandler                         0x080001c3   Thumb Code     0  startup_stm32f10x_md.o(.text)
    EXTI15_10_IRQHandler                     0x080001c3   Thumb Code     0  startup_stm32f10x_md.o(.text)
    EXTI1_IRQHandler                         0x080001c3   Thumb Code     0  startup_stm32f10x_md.o(.text)
    EXTI2_IRQHandler                         0x080001c3   Thumb Code     0  startup_stm32f10x_md.o(.text)
    EXTI3_IRQHandler                         0x080001c3   Thumb Code     0  startup_stm32f10x_md.o(.text)
    EXTI4_IRQHandler                         0x080001c3   Thumb Code     0  startup_stm32f10x_md.o(.text)
    EXTI9_5_IRQHandler                       0x080001c3   Thumb Code     0  startup_stm32f10x_md.o(.text)
    FLASH_IRQHandler                         0x080001c3   Thumb Code     0  startup_stm32f10x_md.o(.text)
    I2C1_ER_IRQHandler                       0x080001c3   Thumb Code     0  startup_stm32f10x_md.o(.text)
    I2C1_EV_IRQHandler                       0x080001c3   Thumb Code     0  startup_stm32f10x_md.o(.text)
    I2C2_ER_IRQHandler                       0x080001c3   Thumb Code     0  startup_stm32f10x_md.o(.text)
    I2C2_EV_IRQHandler                       0x080001c3   Thumb Code     0  startup_stm32f10x_md.o(.text)
    PVD_IRQHandler                           0x080001c3   Thumb Code     0  startup_stm32f10x_md.o(.text)
    RCC_IRQHandler                           0x080001c3   Thumb Code     0  startup_stm32f10x_md.o(.text)
    RTCAlarm_IRQHandler                      0x080001c3   Thumb Code     0  startup_stm32f10x_md.o(.text)
    RTC_IRQHandler                           0x080001c3   Thumb Code     0  startup_stm32f10x_md.o(.text)
    SPI1_IRQHandler                          0x080001c3   Thumb Code     0  startup_stm32f10x_md.o(.text)
    SPI2_IRQHandler                          0x080001c3   Thumb Code     0  startup_stm32f10x_md.o(.text)
    TAMPER_IRQHandler                        0x080001c3   Thumb Code     0  startup_stm32f10x_md.o(.text)
    TIM1_BRK_IRQHandler                      0x080001c3   Thumb Code     0  startup_stm32f10x_md.o(.text)
    TIM1_CC_IRQHandler                       0x080001c3   Thumb Code     0  startup_stm32f10x_md.o(.text)
    TIM1_TRG_COM_IRQHandler                  0x080001c3   Thumb Code     0  startup_stm32f10x_md.o(.text)
    TIM3_IRQHandler                          0x080001c3   Thumb Code     0  startup_stm32f10x_md.o(.text)
    USART1_IRQHandler                        0x080001c3   Thumb Code     0  startup_stm32f10x_md.o(.text)
    USART2_IRQHandler                        0x080001c3   Thumb Code     0  startup_stm32f10x_md.o(.text)
    USBWakeUp_IRQHandler                     0x080001c3   Thumb Code     0  startup_stm32f10x_md.o(.text)
    USB_HP_CAN1_TX_IRQHandler                0x080001c3   Thumb Code     0  startup_stm32f10x_md.o(.text)
    USB_LP_CAN1_RX0_IRQHandler               0x080001c3   Thumb Code     0  startup_stm32f10x_md.o(.text)
    WWDG_IRQHandler                          0x080001c3   Thumb Code     0  startup_stm32f10x_md.o(.text)
    __user_initial_stackheap                 0x080001c5   Thumb Code     0  startup_stm32f10x_md.o(.text)
    __use_no_semihosting                     0x080001e9   Thumb Code     2  use_no_semi_2.o(.text)
    __2printf                                0x080001ed   Thumb Code    20  __2printf.o(.text)
    _printf_int_dec                          0x08000205   Thumb Code   104  _printf_dec.o(.text)
    __printf                                 0x0800027d   Thumb Code   388  __printf_flags_ss_wp.o(.text)
    __aeabi_memclr4                          0x08000405   Thumb Code     0  rt_memclr_w.o(.text)
    __aeabi_memclr8                          0x08000405   Thumb Code     0  rt_memclr_w.o(.text)
    __rt_memclr_w                            0x08000405   Thumb Code    78  rt_memclr_w.o(.text)
    _memset_w                                0x08000409   Thumb Code     0  rt_memclr_w.o(.text)
    __use_two_region_memory                  0x08000453   Thumb Code     2  heapauxi.o(.text)
    __rt_heap_escrow$2region                 0x08000455   Thumb Code     2  heapauxi.o(.text)
    __rt_heap_expand$2region                 0x08000457   Thumb Code     2  heapauxi.o(.text)
    __I$use$semihosting                      0x08000459   Thumb Code     0  use_no_semi.o(.text)
    __use_no_semihosting_swi                 0x08000459   Thumb Code     2  use_no_semi.o(.text)
    _printf_int_common                       0x0800045b   Thumb Code   178  _printf_intcommon.o(.text)
    __lib_sel_fp_printf                      0x0800050d   Thumb Code     2  _printf_fp_dec.o(.text)
    _printf_fp_dec_real                      0x080006bf   Thumb Code   620  _printf_fp_dec.o(.text)
    _printf_char_common                      0x08000937   Thumb Code    32  _printf_char_common.o(.text)
    _printf_char_file                        0x0800095d   Thumb Code    32  _printf_char_file.o(.text)
    __rt_locale                              0x08000981   Thumb Code     8  rt_locale_intlibspace.o(.text)
    _ll_udiv10                               0x08000989   Thumb Code   138  lludiv10.o(.text)
    _printf_fp_infnan                        0x08000a15   Thumb Code   112  _printf_fp_infnan.o(.text)
    _btod_etento                             0x08000a95   Thumb Code   224  bigflt0.o(.text)
    ferror                                   0x08000b79   Thumb Code     8  ferror.o(.text)
    __user_libspace                          0x08000b81   Thumb Code     8  libspace.o(.text)
    __user_perproc_libspace                  0x08000b81   Thumb Code     0  libspace.o(.text)
    __user_perthread_libspace                0x08000b81   Thumb Code     0  libspace.o(.text)
    __user_setup_stackheap                   0x08000b89   Thumb Code    74  sys_stackheap_outer.o(.text)
    exit                                     0x08000bd3   Thumb Code    18  exit.o(.text)
    strcmp                                   0x08000be5   Thumb Code   128  strcmpv7m.o(.text)
    _btod_d2e                                0x08000c65   Thumb Code    62  btod.o(CL$$btod_d2e)
    _d2e_denorm_low                          0x08000ca3   Thumb Code    70  btod.o(CL$$btod_d2e_denorm_low)
    _d2e_norm_op1                            0x08000ce9   Thumb Code    96  btod.o(CL$$btod_d2e_norm_op1)
    __btod_div_common                        0x08000d49   Thumb Code   696  btod.o(CL$$btod_div_common)
    _e2e                                     0x08001081   Thumb Code   220  btod.o(CL$$btod_e2e)
    _btod_ediv                               0x0800115d   Thumb Code    42  btod.o(CL$$btod_ediv)
    _btod_emul                               0x08001187   Thumb Code    42  btod.o(CL$$btod_emul)
    __btod_mult_common                       0x080011b1   Thumb Code   580  btod.o(CL$$btod_mult_common)
    BusFault_Handler                         0x080013f5   Thumb Code     4  stm32f10x_it.o(i.BusFault_Handler)
    DebugMon_Handler                         0x080013f9   Thumb Code     2  stm32f10x_it.o(i.DebugMon_Handler)
    FLASH_PrefetchBufferCmd                  0x080013fd   Thumb Code    22  stm32f10x_flash.o(i.FLASH_PrefetchBufferCmd)
    FLASH_SetLatency                         0x08001419   Thumb Code    18  stm32f10x_flash.o(i.FLASH_SetLatency)
    GPIO_Init                                0x08001431   Thumb Code   278  stm32f10x_gpio.o(i.GPIO_Init)
    GPIO_PinRemapConfig                      0x08001549   Thumb Code   138  stm32f10x_gpio.o(i.GPIO_PinRemapConfig)
    GPIO_ReadInputDataBit                    0x080015d9   Thumb Code    18  stm32f10x_gpio.o(i.GPIO_ReadInputDataBit)
    HardFault_Handler                        0x080015eb   Thumb Code     4  stm32f10x_it.o(i.HardFault_Handler)
    MemManage_Handler                        0x080015ef   Thumb Code     4  stm32f10x_it.o(i.MemManage_Handler)
    NMI_Handler                              0x080015f3   Thumb Code     2  stm32f10x_it.o(i.NMI_Handler)
    NVIC_CONF                                0x080015f5   Thumb Code    28  encoder.o(i.NVIC_CONF)
    NVIC_Init                                0x08001611   Thumb Code   100  misc.o(i.NVIC_Init)
    NVIC_PriorityGroupConfig                 0x08001681   Thumb Code    10  misc.o(i.NVIC_PriorityGroupConfig)
    PendSV_Handler                           0x08001695   Thumb Code     2  stm32f10x_it.o(i.PendSV_Handler)
    RCC_APB1PeriphClockCmd                   0x08001699   Thumb Code    26  stm32f10x_rcc.o(i.RCC_APB1PeriphClockCmd)
    RCC_APB2PeriphClockCmd                   0x080016b9   Thumb Code    26  stm32f10x_rcc.o(i.RCC_APB2PeriphClockCmd)
    RCC_Configuration                        0x080016d9   Thumb Code   110  sys.o(i.RCC_Configuration)
    RCC_DeInit                               0x08001749   Thumb Code    64  stm32f10x_rcc.o(i.RCC_DeInit)
    RCC_GetClocksFreq                        0x08001795   Thumb Code   192  stm32f10x_rcc.o(i.RCC_GetClocksFreq)
    RCC_GetFlagStatus                        0x08001869   Thumb Code    56  stm32f10x_rcc.o(i.RCC_GetFlagStatus)
    RCC_GetSYSCLKSource                      0x080018a5   Thumb Code    10  stm32f10x_rcc.o(i.RCC_GetSYSCLKSource)
    RCC_HCLKConfig                           0x080018b5   Thumb Code    18  stm32f10x_rcc.o(i.RCC_HCLKConfig)
    RCC_HSEConfig                            0x080018cd   Thumb Code    70  stm32f10x_rcc.o(i.RCC_HSEConfig)
    RCC_PCLK1Config                          0x08001919   Thumb Code    18  stm32f10x_rcc.o(i.RCC_PCLK1Config)
    RCC_PCLK2Config                          0x08001931   Thumb Code    20  stm32f10x_rcc.o(i.RCC_PCLK2Config)
    RCC_PLLCmd                               0x08001949   Thumb Code     6  stm32f10x_rcc.o(i.RCC_PLLCmd)
    RCC_PLLConfig                            0x08001955   Thumb Code    24  stm32f10x_rcc.o(i.RCC_PLLConfig)
    RCC_SYSCLKConfig                         0x08001971   Thumb Code    18  stm32f10x_rcc.o(i.RCC_SYSCLKConfig)
    RCC_WaitForHSEStartUp                    0x08001989   Thumb Code    56  stm32f10x_rcc.o(i.RCC_WaitForHSEStartUp)
    SVC_Handler                              0x080019c1   Thumb Code     2  stm32f10x_it.o(i.SVC_Handler)
    SysTick_Handler                          0x08001aad   Thumb Code     2  stm32f10x_it.o(i.SysTick_Handler)
    SystemInit                               0x08001ab1   Thumb Code    78  system_stm32f10x.o(i.SystemInit)
    TIM1_UP_IRQHandler                       0x08001d51   Thumb Code    58  encoder.o(i.TIM1_UP_IRQHandler)
    TIM2_IRQHandler                          0x08001d9d   Thumb Code    22  encoder.o(i.TIM2_IRQHandler)
    TIM3_PWM_Init                            0x08001db5   Thumb Code   262  pwm.o(i.TIM3_PWM_Init)
    TIM4_IRQHandler                          0x08001ed5   Thumb Code    22  encoder.o(i.TIM4_IRQHandler)
    TIM_ARRPreloadConfig                     0x08001ef1   Thumb Code    24  stm32f10x_tim.o(i.TIM_ARRPreloadConfig)
    TIM_ClearFlag                            0x08001f09   Thumb Code     6  stm32f10x_tim.o(i.TIM_ClearFlag)
    TIM_ClearITPendingBit                    0x08001f0f   Thumb Code     6  stm32f10x_tim.o(i.TIM_ClearITPendingBit)
    TIM_Cmd                                  0x08001f15   Thumb Code    24  stm32f10x_tim.o(i.TIM_Cmd)
    TIM_CtrlPWMOutputs                       0x08001f2d   Thumb Code    30  stm32f10x_tim.o(i.TIM_CtrlPWMOutputs)
    TIM_EncoderInterfaceConfig               0x08001f4b   Thumb Code    66  stm32f10x_tim.o(i.TIM_EncoderInterfaceConfig)
    TIM_GetITStatus                          0x08001f8d   Thumb Code    34  stm32f10x_tim.o(i.TIM_GetITStatus)
    TIM_ICInit                               0x08001fb1   Thumb Code   150  stm32f10x_tim.o(i.TIM_ICInit)
    TIM_ICStructInit                         0x0800205d   Thumb Code    18  stm32f10x_tim.o(i.TIM_ICStructInit)
    TIM_ITConfig                             0x0800206f   Thumb Code    18  stm32f10x_tim.o(i.TIM_ITConfig)
    TIM_OC1Init                              0x08002081   Thumb Code   132  stm32f10x_tim.o(i.TIM_OC1Init)
    TIM_OC2Init                              0x08002119   Thumb Code   154  stm32f10x_tim.o(i.TIM_OC2Init)
    TIM_OC2PreloadConfig                     0x080021bd   Thumb Code    26  stm32f10x_tim.o(i.TIM_OC2PreloadConfig)
    TIM_OC3Init                              0x080021d9   Thumb Code   150  stm32f10x_tim.o(i.TIM_OC3Init)
    TIM_OC3PreloadConfig                     0x08002279   Thumb Code    18  stm32f10x_tim.o(i.TIM_OC3PreloadConfig)
    TIM_OC4Init                              0x0800228d   Thumb Code   114  stm32f10x_tim.o(i.TIM_OC4Init)
    TIM_OC4PreloadConfig                     0x08002309   Thumb Code    26  stm32f10x_tim.o(i.TIM_OC4PreloadConfig)
    TIM_SetCounter                           0x08002323   Thumb Code     4  stm32f10x_tim.o(i.TIM_SetCounter)
    TIM_SetIC1Prescaler                      0x08002327   Thumb Code    18  stm32f10x_tim.o(i.TIM_SetIC1Prescaler)
    TIM_SetIC2Prescaler                      0x08002339   Thumb Code    26  stm32f10x_tim.o(i.TIM_SetIC2Prescaler)
    TIM_SetIC3Prescaler                      0x08002353   Thumb Code    18  stm32f10x_tim.o(i.TIM_SetIC3Prescaler)
    TIM_SetIC4Prescaler                      0x08002365   Thumb Code    26  stm32f10x_tim.o(i.TIM_SetIC4Prescaler)
    TIM_TimeBaseInit                         0x08002381   Thumb Code   122  stm32f10x_tim.o(i.TIM_TimeBaseInit)
    TIM_TimeBaseStructInit                   0x08002425   Thumb Code    18  stm32f10x_tim.o(i.TIM_TimeBaseStructInit)
    USART3_IRQHandler                        0x08002439   Thumb Code    30  usart.o(i.USART3_IRQHandler)
    USART3_Init                              0x0800245d   Thumb Code   162  usart.o(i.USART3_Init)
    USART_Cmd                                0x08002509   Thumb Code    24  stm32f10x_usart.o(i.USART_Cmd)
    USART_GetITStatus                        0x08002521   Thumb Code    84  stm32f10x_usart.o(i.USART_GetITStatus)
    USART_ITConfig                           0x08002575   Thumb Code    74  stm32f10x_usart.o(i.USART_ITConfig)
    USART_Init                               0x080025c1   Thumb Code   210  stm32f10x_usart.o(i.USART_Init)
    USART_ReceiveData                        0x08002699   Thumb Code    10  stm32f10x_usart.o(i.USART_ReceiveData)
    UsageFault_Handler                       0x080026a3   Thumb Code     4  stm32f10x_it.o(i.UsageFault_Handler)
    __ARM_fpclassify                         0x080026a7   Thumb Code    40  fpclassify.o(i.__ARM_fpclassify)
    _is_digit                                0x080026cf   Thumb Code    14  __printf_wp.o(i._is_digit)
    _sys_exit                                0x080026dd   Thumb Code     8  usart.o(i._sys_exit)
    calc_pid                                 0x080026e5   Thumb Code   182  pid.o(i.calc_pid)
    calc_pid_direction                       0x080027b5   Thumb Code   286  pid.o(i.calc_pid_direction)
    calc_pid_r                               0x080028f9   Thumb Code   182  pid.o(i.calc_pid_r)
    calc_speed                               0x080029c9   Thumb Code   228  sensor.o(i.calc_speed)
    delay_ms                                 0x08002ac1   Thumb Code    26  delay.o(i.delay_ms)
    delay_us                                 0x08002adb   Thumb Code    46  delay.o(i.delay_us)
    fputc                                    0x08002b09   Thumb Code    24  usart.o(i.fputc)
    get_offset                               0x08002b25   Thumb Code   176  sensor.o(i.get_offset)
    m_Encoder_Init_1                         0x08002bdd   Thumb Code   154  encoder.o(i.m_Encoder_Init_1)
    m_Encoder_Init_2                         0x08002c7d   Thumb Code   148  encoder.o(i.m_Encoder_Init_2)
    m_Encoder_Init_TIM1                      0x08002d19   Thumb Code    82  encoder.o(i.m_Encoder_Init_TIM1)
    m_LED_Init                               0x08002d71   Thumb Code    32  led.o(i.m_LED_Init)
    m_Motor_Init                             0x08002d95   Thumb Code    10  motor.o(i.m_Motor_Init)
    m_Sensor_Init                            0x08002da1   Thumb Code    42  sensor.o(i.m_Sensor_Init)
    main                                     0x08002dd5   Thumb Code   278  main.o(i.main)
    read_encoder_l                           0x08002f05   Thumb Code     6  encoder.o(i.read_encoder_l)
    read_encoder_r                           0x08002f11   Thumb Code     6  encoder.o(i.read_encoder_r)
    remoterHandler                           0x08002f1d   Thumb Code   750  motor.o(i.remoterHandler)
    remoting                                 0x080033a1   Thumb Code   114  main.o(i.remoting)
    set_speed                                0x08003429   Thumb Code    10  motor.o(i.set_speed)
    speed                                    0x0800343d   Thumb Code   494  motor.o(i.speed)
    speed2PWM                                0x08003635   Thumb Code   118  motor.o(i.speed2PWM)
    ste_pwm1_duty                            0x080036ad   Thumb Code    62  pwm.o(i.ste_pwm1_duty)
    ste_pwm2_duty                            0x080036f9   Thumb Code    62  pwm.o(i.ste_pwm2_duty)
    ste_pwm3_duty                            0x08003745   Thumb Code    62  pwm.o(i.ste_pwm3_duty)
    ste_pwm4_duty                            0x08003791   Thumb Code    62  pwm.o(i.ste_pwm4_duty)
    tracking                                 0x080037dd   Thumb Code    46  main.o(i.tracking)
    _get_lc_numeric                          0x0800381d   Thumb Code    44  lc_numeric_c.o(locale$$code)
    __aeabi_d2f                              0x08003849   Thumb Code     0  d2f.o(x$fpl$d2f)
    _d2f                                     0x08003849   Thumb Code    98  d2f.o(x$fpl$d2f)
    __aeabi_dadd                             0x080038ad   Thumb Code     0  daddsub_clz.o(x$fpl$dadd)
    _dadd                                    0x080038ad   Thumb Code   332  daddsub_clz.o(x$fpl$dadd)
    __fpl_dcmp_Inf                           0x080039fd   Thumb Code    24  dcmpi.o(x$fpl$dcmpinf)
    __aeabi_ddiv                             0x08003a15   Thumb Code     0  ddiv.o(x$fpl$ddiv)
    _ddiv                                    0x08003a15   Thumb Code   552  ddiv.o(x$fpl$ddiv)
    __aeabi_d2iz                             0x08003cc5   Thumb Code     0  dfix.o(x$fpl$dfix)
    _dfix                                    0x08003cc5   Thumb Code    94  dfix.o(x$fpl$dfix)
    __aeabi_i2d                              0x08003d23   Thumb Code     0  dflt_clz.o(x$fpl$dflt)
    _dflt                                    0x08003d23   Thumb Code    46  dflt_clz.o(x$fpl$dflt)
    __aeabi_cdcmple                          0x08003d51   Thumb Code     0  dleqf.o(x$fpl$dleqf)
    _dcmple                                  0x08003d51   Thumb Code   120  dleqf.o(x$fpl$dleqf)
    __fpl_dcmple_InfNaN                      0x08003db3   Thumb Code     0  dleqf.o(x$fpl$dleqf)
    __aeabi_dmul                             0x08003dc9   Thumb Code     0  dmul.o(x$fpl$dmul)
    _dmul                                    0x08003dc9   Thumb Code   332  dmul.o(x$fpl$dmul)
    __fpl_dnaninf                            0x08003f1d   Thumb Code   156  dnaninf.o(x$fpl$dnaninf)
    __fpl_dretinf                            0x08003fb9   Thumb Code    12  dretinf.o(x$fpl$dretinf)
    __aeabi_cdrcmple                         0x08003fc5   Thumb Code     0  drleqf.o(x$fpl$drleqf)
    _drcmple                                 0x08003fc5   Thumb Code   108  drleqf.o(x$fpl$drleqf)
    __aeabi_dsub                             0x08004031   Thumb Code     0  daddsub_clz.o(x$fpl$dsub)
    _dsub                                    0x08004031   Thumb Code   464  daddsub_clz.o(x$fpl$dsub)
    __aeabi_f2d                              0x08004205   Thumb Code     0  f2d.o(x$fpl$f2d)
    _f2d                                     0x08004205   Thumb Code    86  f2d.o(x$fpl$f2d)
    __aeabi_fadd                             0x0800425d   Thumb Code     0  faddsub_clz.o(x$fpl$fadd)
    _fadd                                    0x0800425d   Thumb Code   196  faddsub_clz.o(x$fpl$fadd)
    __fpl_fcmp_Inf                           0x08004321   Thumb Code    24  fcmpi.o(x$fpl$fcmpinf)
    __aeabi_fdiv                             0x08004339   Thumb Code     0  fdiv.o(x$fpl$fdiv)
    _fdiv                                    0x08004339   Thumb Code   384  fdiv.o(x$fpl$fdiv)
    __aeabi_f2iz                             0x080044bd   Thumb Code     0  ffix.o(x$fpl$ffix)
    _ffix                                    0x080044bd   Thumb Code    54  ffix.o(x$fpl$ffix)
    __aeabi_f2uiz                            0x080044f5   Thumb Code     0  ffixu.o(x$fpl$ffixu)
    _ffixu                                   0x080044f5   Thumb Code    62  ffixu.o(x$fpl$ffixu)
    __aeabi_i2f                              0x08004535   Thumb Code     0  fflt_clz.o(x$fpl$fflt)
    _fflt                                    0x08004535   Thumb Code    48  fflt_clz.o(x$fpl$fflt)
    __aeabi_ui2f                             0x08004565   Thumb Code     0  fflt_clz.o(x$fpl$ffltu)
    _ffltu                                   0x08004565   Thumb Code    38  fflt_clz.o(x$fpl$ffltu)
    __aeabi_cfcmple                          0x0800458d   Thumb Code     0  fleqf.o(x$fpl$fleqf)
    _fcmple                                  0x0800458d   Thumb Code   104  fleqf.o(x$fpl$fleqf)
    __fpl_fcmple_InfNaN                      0x080045df   Thumb Code     0  fleqf.o(x$fpl$fleqf)
    __aeabi_fmul                             0x080045f5   Thumb Code     0  fmul.o(x$fpl$fmul)
    _fmul                                    0x080045f5   Thumb Code   258  fmul.o(x$fpl$fmul)
    __fpl_fnaninf                            0x080046f7   Thumb Code   140  fnaninf.o(x$fpl$fnaninf)
    __fpl_fretinf                            0x08004783   Thumb Code    10  fretinf.o(x$fpl$fretinf)
    __aeabi_cfrcmple                         0x0800478d   Thumb Code     0  frleqf.o(x$fpl$frleqf)
    _frcmple                                 0x0800478d   Thumb Code    98  frleqf.o(x$fpl$frleqf)
    __aeabi_frsub                            0x080047ef   Thumb Code     0  faddsub_clz.o(x$fpl$frsb)
    _frsb                                    0x080047ef   Thumb Code    20  faddsub_clz.o(x$fpl$frsb)
    __aeabi_fsub                             0x08004805   Thumb Code     0  faddsub_clz.o(x$fpl$fsub)
    _fsub                                    0x08004805   Thumb Code   234  faddsub_clz.o(x$fpl$fsub)
    _printf_fp_dec                           0x080048ef   Thumb Code     4  printf1.o(x$fpl$printf1)
    __I$use$fp                               0x080048f2   Number         0  usenofp.o(x$fpl$usenofp)
    Region$$Table$$Base                      0x08004998   Number         0  anon$$obj.o(Region$$Table)
    Region$$Table$$Limit                     0x080049b8   Number         0  anon$$obj.o(Region$$Table)
    SPEED_FOR_REMOTER                        0x20000000   Data           4  motor.o(.data)
    arr                                      0x20000004   Data           2  pwm.o(.data)
    psc                                      0x20000006   Data           2  pwm.o(.data)
    __stdout                                 0x20000008   Data           4  usart.o(.data)
    USART3_RX_STA                            0x2000000c   Data           2  usart.o(.data)
    SMART_CAR_MODE                           0x20000010   Data           4  common.o(.data)
    ENCODER_LEFT                             0x20000014   Data           4  common.o(.data)
    ENCODER_RIGHT                            0x20000018   Data           4  common.o(.data)
    speed_ideal_left                         0x2000001c   Data           4  common.o(.data)
    speed_ideal_right                        0x20000020   Data           4  common.o(.data)
    pwm_left_2set                            0x20000024   Data           4  common.o(.data)
    pwm_right_2set                           0x20000028   Data           4  common.o(.data)
    car_offset                               0x2000002c   Data           1  common.o(.data)
    car_direction                            0x20000030   Data           4  common.o(.data)
    car_k                                    0x20000034   Data           4  common.o(.data)
    direction_x                              0x20000038   Data           4  common.o(.data)
    direction_y                              0x2000003c   Data           4  common.o(.data)
    kp_direction                             0x20000040   Data           4  common.o(.data)
    ki_direction                             0x20000044   Data           4  common.o(.data)
    kd_direction                             0x20000048   Data           4  common.o(.data)
    IDEAL_AUTO_SPEED                         0x2000004c   Data           2  common.o(.data)
    pre_err                                  0x20000050   Data           4  pid.o(.data)
    pre_d_error                              0x20000054   Data           4  pid.o(.data)
    pre_err_r                                0x20000058   Data           4  pid.o(.data)
    pre_d_error_r                            0x2000005c   Data           4  pid.o(.data)
    pre_err_d                                0x20000060   Data           4  pid.o(.data)
    sum_err                                  0x20000064   Data           4  pid.o(.data)
    __libspace_start                         0x2000007c   Data          96  libspace.o(.bss)
    __temporary_stack_top$libspace           0x200000dc   Data           0  libspace.o(.bss)



==============================================================================

Memory Map of the image

  Image Entry point : 0x080000ed

  Load Region LR_IROM1 (Base: 0x08000000, Size: 0x00004a50, Max: 0x00010000, ABSOLUTE)

    Execution Region ER_IROM1 (Exec base: 0x08000000, Load base: 0x08000000, Size: 0x000049d4, Max: 0x00010000, ABSOLUTE)

    Exec Addr    Load Addr    Size         Type   Attr      Idx    E Section Name        Object

    0x08000000   0x08000000   0x000000ec   Data   RO          648    RESET               startup_stm32f10x_md.o
    0x080000ec   0x080000ec   0x00000008   Code   RO         3674  * !!!main             c_w.l(__main.o)
    0x080000f4   0x080000f4   0x00000034   Code   RO         4046    !!!scatter          c_w.l(__scatter.o)
    0x08000128   0x08000128   0x0000001a   Code   RO         4048    !!handler_copy      c_w.l(__scatter_copy.o)
    0x08000142   0x08000142   0x00000002   PAD
    0x08000144   0x08000144   0x0000001c   Code   RO         4050    !!handler_zi        c_w.l(__scatter_zi.o)
    0x08000160   0x08000160   0x00000000   Code   RO         3667    .ARM.Collect$$_printf_percent$$00000000  c_w.l(_printf_percent.o)
    0x08000160   0x08000160   0x00000006   Code   RO         3666    .ARM.Collect$$_printf_percent$$00000003  c_w.l(_printf_f.o)
    0x08000166   0x08000166   0x00000006   Code   RO         3665    .ARM.Collect$$_printf_percent$$00000009  c_w.l(_printf_d.o)
    0x0800016c   0x0800016c   0x00000004   Code   RO         3804    .ARM.Collect$$_printf_percent$$00000017  c_w.l(_printf_percent_end.o)
    0x08000170   0x08000170   0x00000002   Code   RO         3920    .ARM.Collect$$libinit$$00000000  c_w.l(libinit.o)
    0x08000172   0x08000172   0x00000000   Code   RO         3922    .ARM.Collect$$libinit$$00000002  c_w.l(libinit2.o)
    0x08000172   0x08000172   0x00000000   Code   RO         3924    .ARM.Collect$$libinit$$00000004  c_w.l(libinit2.o)
    0x08000172   0x08000172   0x00000000   Code   RO         3927    .ARM.Collect$$libinit$$0000000A  c_w.l(libinit2.o)
    0x08000172   0x08000172   0x00000000   Code   RO         3929    .ARM.Collect$$libinit$$0000000C  c_w.l(libinit2.o)
    0x08000172   0x08000172   0x00000000   Code   RO         3931    .ARM.Collect$$libinit$$0000000E  c_w.l(libinit2.o)
    0x08000172   0x08000172   0x00000006   Code   RO         3932    .ARM.Collect$$libinit$$0000000F  c_w.l(libinit2.o)
    0x08000178   0x08000178   0x00000000   Code   RO         3934    .ARM.Collect$$libinit$$00000011  c_w.l(libinit2.o)
    0x08000178   0x08000178   0x00000000   Code   RO         3936    .ARM.Collect$$libinit$$00000013  c_w.l(libinit2.o)
    0x08000178   0x08000178   0x00000000   Code   RO         3938    .ARM.Collect$$libinit$$00000015  c_w.l(libinit2.o)
    0x08000178   0x08000178   0x0000000a   Code   RO         3939    .ARM.Collect$$libinit$$00000016  c_w.l(libinit2.o)
    0x08000182   0x08000182   0x00000000   Code   RO         3940    .ARM.Collect$$libinit$$00000017  c_w.l(libinit2.o)
    0x08000182   0x08000182   0x00000000   Code   RO         3942    .ARM.Collect$$libinit$$00000019  c_w.l(libinit2.o)
    0x08000182   0x08000182   0x00000000   Code   RO         3944    .ARM.Collect$$libinit$$0000001B  c_w.l(libinit2.o)
    0x08000182   0x08000182   0x00000000   Code   RO         3946    .ARM.Collect$$libinit$$0000001D  c_w.l(libinit2.o)
    0x08000182   0x08000182   0x00000000   Code   RO         3948    .ARM.Collect$$libinit$$0000001F  c_w.l(libinit2.o)
    0x08000182   0x08000182   0x00000000   Code   RO         3950    .ARM.Collect$$libinit$$00000021  c_w.l(libinit2.o)
    0x08000182   0x08000182   0x00000000   Code   RO         3952    .ARM.Collect$$libinit$$00000023  c_w.l(libinit2.o)
    0x08000182   0x08000182   0x00000000   Code   RO         3954    .ARM.Collect$$libinit$$00000025  c_w.l(libinit2.o)
    0x08000182   0x08000182   0x00000000   Code   RO         3958    .ARM.Collect$$libinit$$0000002C  c_w.l(libinit2.o)
    0x08000182   0x08000182   0x00000000   Code   RO         3960    .ARM.Collect$$libinit$$0000002E  c_w.l(libinit2.o)
    0x08000182   0x08000182   0x00000000   Code   RO         3962    .ARM.Collect$$libinit$$00000030  c_w.l(libinit2.o)
    0x08000182   0x08000182   0x00000000   Code   RO         3964    .ARM.Collect$$libinit$$00000032  c_w.l(libinit2.o)
    0x08000182   0x08000182   0x00000002   Code   RO         3965    .ARM.Collect$$libinit$$00000033  c_w.l(libinit2.o)
    0x08000184   0x08000184   0x00000002   Code   RO         3996    .ARM.Collect$$libshutdown$$00000000  c_w.l(libshutdown.o)
    0x08000186   0x08000186   0x00000000   Code   RO         4005    .ARM.Collect$$libshutdown$$00000002  c_w.l(libshutdown2.o)
    0x08000186   0x08000186   0x00000000   Code   RO         4007    .ARM.Collect$$libshutdown$$00000004  c_w.l(libshutdown2.o)
    0x08000186   0x08000186   0x00000000   Code   RO         4010    .ARM.Collect$$libshutdown$$00000007  c_w.l(libshutdown2.o)
    0x08000186   0x08000186   0x00000000   Code   RO         4013    .ARM.Collect$$libshutdown$$0000000A  c_w.l(libshutdown2.o)
    0x08000186   0x08000186   0x00000000   Code   RO         4015    .ARM.Collect$$libshutdown$$0000000C  c_w.l(libshutdown2.o)
    0x08000186   0x08000186   0x00000000   Code   RO         4018    .ARM.Collect$$libshutdown$$0000000F  c_w.l(libshutdown2.o)
    0x08000186   0x08000186   0x00000002   Code   RO         4019    .ARM.Collect$$libshutdown$$00000010  c_w.l(libshutdown2.o)
    0x08000188   0x08000188   0x00000000   Code   RO         3740    .ARM.Collect$$rtentry$$00000000  c_w.l(__rtentry.o)
    0x08000188   0x08000188   0x00000000   Code   RO         3834    .ARM.Collect$$rtentry$$00000002  c_w.l(__rtentry2.o)
    0x08000188   0x08000188   0x00000006   Code   RO         3846    .ARM.Collect$$rtentry$$00000004  c_w.l(__rtentry4.o)
    0x0800018e   0x0800018e   0x00000000   Code   RO         3836    .ARM.Collect$$rtentry$$00000009  c_w.l(__rtentry2.o)
    0x0800018e   0x0800018e   0x00000004   Code   RO         3837    .ARM.Collect$$rtentry$$0000000A  c_w.l(__rtentry2.o)
    0x08000192   0x08000192   0x00000000   Code   RO         3839    .ARM.Collect$$rtentry$$0000000C  c_w.l(__rtentry2.o)
    0x08000192   0x08000192   0x00000008   Code   RO         3840    .ARM.Collect$$rtentry$$0000000D  c_w.l(__rtentry2.o)
    0x0800019a   0x0800019a   0x00000002   Code   RO         3966    .ARM.Collect$$rtexit$$00000000  c_w.l(rtexit.o)
    0x0800019c   0x0800019c   0x00000000   Code   RO         3976    .ARM.Collect$$rtexit$$00000002  c_w.l(rtexit2.o)
    0x0800019c   0x0800019c   0x00000004   Code   RO         3977    .ARM.Collect$$rtexit$$00000003  c_w.l(rtexit2.o)
    0x080001a0   0x080001a0   0x00000006   Code   RO         3978    .ARM.Collect$$rtexit$$00000004  c_w.l(rtexit2.o)
    0x080001a6   0x080001a6   0x00000002   PAD
    0x080001a8   0x080001a8   0x00000040   Code   RO          649    .text               startup_stm32f10x_md.o
    0x080001e8   0x080001e8   0x00000002   Code   RO         3633    .text               c_w.l(use_no_semi_2.o)
    0x080001ea   0x080001ea   0x00000002   PAD
    0x080001ec   0x080001ec   0x00000018   Code   RO         3637    .text               c_w.l(__2printf.o)
    0x08000204   0x08000204   0x00000078   Code   RO         3643    .text               c_w.l(_printf_dec.o)
    0x0800027c   0x0800027c   0x00000188   Code   RO         3662    .text               c_w.l(__printf_flags_ss_wp.o)
    0x08000404   0x08000404   0x0000004e   Code   RO         3670    .text               c_w.l(rt_memclr_w.o)
    0x08000452   0x08000452   0x00000006   Code   RO         3672    .text               c_w.l(heapauxi.o)
    0x08000458   0x08000458   0x00000002   Code   RO         3738    .text               c_w.l(use_no_semi.o)
    0x0800045a   0x0800045a   0x000000b2   Code   RO         3747    .text               c_w.l(_printf_intcommon.o)
    0x0800050c   0x0800050c   0x0000041e   Code   RO         3751    .text               c_w.l(_printf_fp_dec.o)
    0x0800092a   0x0800092a   0x00000002   PAD
    0x0800092c   0x0800092c   0x00000030   Code   RO         3753    .text               c_w.l(_printf_char_common.o)
    0x0800095c   0x0800095c   0x00000024   Code   RO         3759    .text               c_w.l(_printf_char_file.o)
    0x08000980   0x08000980   0x00000008   Code   RO         3851    .text               c_w.l(rt_locale_intlibspace.o)
    0x08000988   0x08000988   0x0000008a   Code   RO         3853    .text               c_w.l(lludiv10.o)
    0x08000a12   0x08000a12   0x00000002   PAD
    0x08000a14   0x08000a14   0x00000080   Code   RO         3858    .text               c_w.l(_printf_fp_infnan.o)
    0x08000a94   0x08000a94   0x000000e4   Code   RO         3866    .text               c_w.l(bigflt0.o)
    0x08000b78   0x08000b78   0x00000008   Code   RO         3891    .text               c_w.l(ferror.o)
    0x08000b80   0x08000b80   0x00000008   Code   RO         3904    .text               c_w.l(libspace.o)
    0x08000b88   0x08000b88   0x0000004a   Code   RO         3907    .text               c_w.l(sys_stackheap_outer.o)
    0x08000bd2   0x08000bd2   0x00000012   Code   RO         3911    .text               c_w.l(exit.o)
    0x08000be4   0x08000be4   0x00000080   Code   RO         3913    .text               c_w.l(strcmpv7m.o)
    0x08000c64   0x08000c64   0x0000003e   Code   RO         3869    CL$$btod_d2e        c_w.l(btod.o)
    0x08000ca2   0x08000ca2   0x00000046   Code   RO         3871    CL$$btod_d2e_denorm_low  c_w.l(btod.o)
    0x08000ce8   0x08000ce8   0x00000060   Code   RO         3870    CL$$btod_d2e_norm_op1  c_w.l(btod.o)
    0x08000d48   0x08000d48   0x00000338   Code   RO         3879    CL$$btod_div_common  c_w.l(btod.o)
    0x08001080   0x08001080   0x000000dc   Code   RO         3876    CL$$btod_e2e        c_w.l(btod.o)
    0x0800115c   0x0800115c   0x0000002a   Code   RO         3873    CL$$btod_ediv       c_w.l(btod.o)
    0x08001186   0x08001186   0x0000002a   Code   RO         3872    CL$$btod_emul       c_w.l(btod.o)
    0x080011b0   0x080011b0   0x00000244   Code   RO         3878    CL$$btod_mult_common  c_w.l(btod.o)
    0x080013f4   0x080013f4   0x00000004   Code   RO          158    i.BusFault_Handler  stm32f10x_it.o
    0x080013f8   0x080013f8   0x00000002   Code   RO          159    i.DebugMon_Handler  stm32f10x_it.o
    0x080013fa   0x080013fa   0x00000002   PAD
    0x080013fc   0x080013fc   0x0000001c   Code   RO         1532    i.FLASH_PrefetchBufferCmd  stm32f10x_flash.o
    0x08001418   0x08001418   0x00000018   Code   RO         1537    i.FLASH_SetLatency  stm32f10x_flash.o
    0x08001430   0x08001430   0x00000116   Code   RO         1815    i.GPIO_Init         stm32f10x_gpio.o
    0x08001546   0x08001546   0x00000002   PAD
    0x08001548   0x08001548   0x00000090   Code   RO         1817    i.GPIO_PinRemapConfig  stm32f10x_gpio.o
    0x080015d8   0x080015d8   0x00000012   Code   RO         1819    i.GPIO_ReadInputDataBit  stm32f10x_gpio.o
    0x080015ea   0x080015ea   0x00000004   Code   RO          160    i.HardFault_Handler  stm32f10x_it.o
    0x080015ee   0x080015ee   0x00000004   Code   RO          161    i.MemManage_Handler  stm32f10x_it.o
    0x080015f2   0x080015f2   0x00000002   Code   RO          162    i.NMI_Handler       stm32f10x_it.o
    0x080015f4   0x080015f4   0x0000001c   Code   RO          432    i.NVIC_CONF         encoder.o
    0x08001610   0x08001610   0x00000070   Code   RO          664    i.NVIC_Init         misc.o
    0x08001680   0x08001680   0x00000014   Code   RO          665    i.NVIC_PriorityGroupConfig  misc.o
    0x08001694   0x08001694   0x00000002   Code   RO          163    i.PendSV_Handler    stm32f10x_it.o
    0x08001696   0x08001696   0x00000002   PAD
    0x08001698   0x08001698   0x00000020   Code   RO         2231    i.RCC_APB1PeriphClockCmd  stm32f10x_rcc.o
    0x080016b8   0x080016b8   0x00000020   Code   RO         2233    i.RCC_APB2PeriphClockCmd  stm32f10x_rcc.o
    0x080016d8   0x080016d8   0x0000006e   Code   RO          532    i.RCC_Configuration  sys.o
    0x08001746   0x08001746   0x00000002   PAD
    0x08001748   0x08001748   0x0000004c   Code   RO         2240    i.RCC_DeInit        stm32f10x_rcc.o
    0x08001794   0x08001794   0x000000d4   Code   RO         2241    i.RCC_GetClocksFreq  stm32f10x_rcc.o
    0x08001868   0x08001868   0x0000003c   Code   RO         2242    i.RCC_GetFlagStatus  stm32f10x_rcc.o
    0x080018a4   0x080018a4   0x00000010   Code   RO         2244    i.RCC_GetSYSCLKSource  stm32f10x_rcc.o
    0x080018b4   0x080018b4   0x00000018   Code   RO         2245    i.RCC_HCLKConfig    stm32f10x_rcc.o
    0x080018cc   0x080018cc   0x0000004c   Code   RO         2246    i.RCC_HSEConfig     stm32f10x_rcc.o
    0x08001918   0x08001918   0x00000018   Code   RO         2252    i.RCC_PCLK1Config   stm32f10x_rcc.o
    0x08001930   0x08001930   0x00000018   Code   RO         2253    i.RCC_PCLK2Config   stm32f10x_rcc.o
    0x08001948   0x08001948   0x0000000c   Code   RO         2254    i.RCC_PLLCmd        stm32f10x_rcc.o
    0x08001954   0x08001954   0x0000001c   Code   RO         2255    i.RCC_PLLConfig     stm32f10x_rcc.o
    0x08001970   0x08001970   0x00000018   Code   RO         2258    i.RCC_SYSCLKConfig  stm32f10x_rcc.o
    0x08001988   0x08001988   0x00000038   Code   RO         2260    i.RCC_WaitForHSEStartUp  stm32f10x_rcc.o
    0x080019c0   0x080019c0   0x00000002   Code   RO          164    i.SVC_Handler       stm32f10x_it.o
    0x080019c2   0x080019c2   0x00000008   Code   RO          221    i.SetSysClock       system_stm32f10x.o
    0x080019ca   0x080019ca   0x00000002   PAD
    0x080019cc   0x080019cc   0x000000e0   Code   RO          222    i.SetSysClockTo72   system_stm32f10x.o
    0x08001aac   0x08001aac   0x00000002   Code   RO          165    i.SysTick_Handler   stm32f10x_it.o
    0x08001aae   0x08001aae   0x00000002   PAD
    0x08001ab0   0x08001ab0   0x00000060   Code   RO          224    i.SystemInit        system_stm32f10x.o
    0x08001b10   0x08001b10   0x00000080   Code   RO         2849    i.TI1_Config        stm32f10x_tim.o
    0x08001b90   0x08001b90   0x00000098   Code   RO         2850    i.TI2_Config        stm32f10x_tim.o
    0x08001c28   0x08001c28   0x00000090   Code   RO         2851    i.TI3_Config        stm32f10x_tim.o
    0x08001cb8   0x08001cb8   0x00000098   Code   RO         2852    i.TI4_Config        stm32f10x_tim.o
    0x08001d50   0x08001d50   0x0000004c   Code   RO          433    i.TIM1_UP_IRQHandler  encoder.o
    0x08001d9c   0x08001d9c   0x00000016   Code   RO          434    i.TIM2_IRQHandler   encoder.o
    0x08001db2   0x08001db2   0x00000002   PAD
    0x08001db4   0x08001db4   0x00000120   Code   RO          364    i.TIM3_PWM_Init     pwm.o
    0x08001ed4   0x08001ed4   0x0000001c   Code   RO          435    i.TIM4_IRQHandler   encoder.o
    0x08001ef0   0x08001ef0   0x00000018   Code   RO         2853    i.TIM_ARRPreloadConfig  stm32f10x_tim.o
    0x08001f08   0x08001f08   0x00000006   Code   RO         2859    i.TIM_ClearFlag     stm32f10x_tim.o
    0x08001f0e   0x08001f0e   0x00000006   Code   RO         2860    i.TIM_ClearITPendingBit  stm32f10x_tim.o
    0x08001f14   0x08001f14   0x00000018   Code   RO         2865    i.TIM_Cmd           stm32f10x_tim.o
    0x08001f2c   0x08001f2c   0x0000001e   Code   RO         2867    i.TIM_CtrlPWMOutputs  stm32f10x_tim.o
    0x08001f4a   0x08001f4a   0x00000042   Code   RO         2874    i.TIM_EncoderInterfaceConfig  stm32f10x_tim.o
    0x08001f8c   0x08001f8c   0x00000022   Code   RO         2886    i.TIM_GetITStatus   stm32f10x_tim.o
    0x08001fae   0x08001fae   0x00000002   PAD
    0x08001fb0   0x08001fb0   0x000000ac   Code   RO         2888    i.TIM_ICInit        stm32f10x_tim.o
    0x0800205c   0x0800205c   0x00000012   Code   RO         2889    i.TIM_ICStructInit  stm32f10x_tim.o
    0x0800206e   0x0800206e   0x00000012   Code   RO         2890    i.TIM_ITConfig      stm32f10x_tim.o
    0x08002080   0x08002080   0x00000098   Code   RO         2894    i.TIM_OC1Init       stm32f10x_tim.o
    0x08002118   0x08002118   0x000000a4   Code   RO         2899    i.TIM_OC2Init       stm32f10x_tim.o
    0x080021bc   0x080021bc   0x0000001a   Code   RO         2902    i.TIM_OC2PreloadConfig  stm32f10x_tim.o
    0x080021d6   0x080021d6   0x00000002   PAD
    0x080021d8   0x080021d8   0x000000a0   Code   RO         2904    i.TIM_OC3Init       stm32f10x_tim.o
    0x08002278   0x08002278   0x00000012   Code   RO         2907    i.TIM_OC3PreloadConfig  stm32f10x_tim.o
    0x0800228a   0x0800228a   0x00000002   PAD
    0x0800228c   0x0800228c   0x0000007c   Code   RO         2909    i.TIM_OC4Init       stm32f10x_tim.o
    0x08002308   0x08002308   0x0000001a   Code   RO         2911    i.TIM_OC4PreloadConfig  stm32f10x_tim.o
    0x08002322   0x08002322   0x00000004   Code   RO         2930    i.TIM_SetCounter    stm32f10x_tim.o
    0x08002326   0x08002326   0x00000012   Code   RO         2931    i.TIM_SetIC1Prescaler  stm32f10x_tim.o
    0x08002338   0x08002338   0x0000001a   Code   RO         2932    i.TIM_SetIC2Prescaler  stm32f10x_tim.o
    0x08002352   0x08002352   0x00000012   Code   RO         2933    i.TIM_SetIC3Prescaler  stm32f10x_tim.o
    0x08002364   0x08002364   0x0000001a   Code   RO         2934    i.TIM_SetIC4Prescaler  stm32f10x_tim.o
    0x0800237e   0x0800237e   0x00000002   PAD
    0x08002380   0x08002380   0x000000a4   Code   RO         2936    i.TIM_TimeBaseInit  stm32f10x_tim.o
    0x08002424   0x08002424   0x00000012   Code   RO         2937    i.TIM_TimeBaseStructInit  stm32f10x_tim.o
    0x08002436   0x08002436   0x00000002   PAD
    0x08002438   0x08002438   0x00000024   Code   RO          552    i.USART3_IRQHandler  usart.o
    0x0800245c   0x0800245c   0x000000ac   Code   RO          553    i.USART3_Init       usart.o
    0x08002508   0x08002508   0x00000018   Code   RO         3401    i.USART_Cmd         stm32f10x_usart.o
    0x08002520   0x08002520   0x00000054   Code   RO         3405    i.USART_GetITStatus  stm32f10x_usart.o
    0x08002574   0x08002574   0x0000004a   Code   RO         3407    i.USART_ITConfig    stm32f10x_usart.o
    0x080025be   0x080025be   0x00000002   PAD
    0x080025c0   0x080025c0   0x000000d8   Code   RO         3408    i.USART_Init        stm32f10x_usart.o
    0x08002698   0x08002698   0x0000000a   Code   RO         3415    i.USART_ReceiveData  stm32f10x_usart.o
    0x080026a2   0x080026a2   0x00000004   Code   RO          166    i.UsageFault_Handler  stm32f10x_it.o
    0x080026a6   0x080026a6   0x00000028   Code   RO         3902    i.__ARM_fpclassify  m_ws.l(fpclassify.o)
    0x080026ce   0x080026ce   0x0000000e   Code   RO         3655    i._is_digit         c_w.l(__printf_wp.o)
    0x080026dc   0x080026dc   0x00000008   Code   RO          555    i._sys_exit         usart.o
    0x080026e4   0x080026e4   0x000000d0   Code   RO          615    i.calc_pid          pid.o
    0x080027b4   0x080027b4   0x00000144   Code   RO          616    i.calc_pid_direction  pid.o
    0x080028f8   0x080028f8   0x000000d0   Code   RO          617    i.calc_pid_r        pid.o
    0x080029c8   0x080029c8   0x000000f8   Code   RO          255    i.calc_speed        sensor.o
    0x08002ac0   0x08002ac0   0x0000001a   Code   RO          504    i.delay_ms          delay.o
    0x08002ada   0x08002ada   0x0000002e   Code   RO          506    i.delay_us          delay.o
    0x08002b08   0x08002b08   0x0000001c   Code   RO          556    i.fputc             usart.o
    0x08002b24   0x08002b24   0x000000b8   Code   RO          256    i.get_offset        sensor.o
    0x08002bdc   0x08002bdc   0x000000a0   Code   RO          436    i.m_Encoder_Init_1  encoder.o
    0x08002c7c   0x08002c7c   0x0000009c   Code   RO          437    i.m_Encoder_Init_2  encoder.o
    0x08002d18   0x08002d18   0x00000058   Code   RO          438    i.m_Encoder_Init_TIM1  encoder.o
    0x08002d70   0x08002d70   0x00000024   Code   RO          305    i.m_LED_Init        led.o
    0x08002d94   0x08002d94   0x0000000a   Code   RO          317    i.m_Motor_Init      motor.o
    0x08002d9e   0x08002d9e   0x00000002   PAD
    0x08002da0   0x08002da0   0x00000034   Code   RO          257    i.m_Sensor_Init     sensor.o
    0x08002dd4   0x08002dd4   0x00000130   Code   RO            1    i.main              main.o
    0x08002f04   0x08002f04   0x0000000c   Code   RO          439    i.read_encoder_l    encoder.o
    0x08002f10   0x08002f10   0x0000000c   Code   RO          440    i.read_encoder_r    encoder.o
    0x08002f1c   0x08002f1c   0x00000484   Code   RO          318    i.remoterHandler    motor.o
    0x080033a0   0x080033a0   0x00000088   Code   RO            2    i.remoting          main.o
    0x08003428   0x08003428   0x00000014   Code   RO          319    i.set_speed         motor.o
    0x0800343c   0x0800343c   0x000001f8   Code   RO          320    i.speed             motor.o
    0x08003634   0x08003634   0x00000076   Code   RO          321    i.speed2PWM         motor.o
    0x080036aa   0x080036aa   0x00000002   PAD
    0x080036ac   0x080036ac   0x0000004c   Code   RO          365    i.ste_pwm1_duty     pwm.o
    0x080036f8   0x080036f8   0x0000004c   Code   RO          366    i.ste_pwm2_duty     pwm.o
    0x08003744   0x08003744   0x0000004c   Code   RO          367    i.ste_pwm3_duty     pwm.o
    0x08003790   0x08003790   0x0000004c   Code   RO          368    i.ste_pwm4_duty     pwm.o
    0x080037dc   0x080037dc   0x00000040   Code   RO            3    i.tracking          main.o
    0x0800381c   0x0800381c   0x0000002c   Code   RO         3898    locale$$code        c_w.l(lc_numeric_c.o)
    0x08003848   0x08003848   0x00000062   Code   RO         3676    x$fpl$d2f           fz_ws.l(d2f.o)
    0x080038aa   0x080038aa   0x00000002   PAD
    0x080038ac   0x080038ac   0x00000150   Code   RO         3678    x$fpl$dadd          fz_ws.l(daddsub_clz.o)
    0x080039fc   0x080039fc   0x00000018   Code   RO         3814    x$fpl$dcmpinf       fz_ws.l(dcmpi.o)
    0x08003a14   0x08003a14   0x000002b0   Code   RO         3685    x$fpl$ddiv          fz_ws.l(ddiv.o)
    0x08003cc4   0x08003cc4   0x0000005e   Code   RO         3688    x$fpl$dfix          fz_ws.l(dfix.o)
    0x08003d22   0x08003d22   0x0000002e   Code   RO         3693    x$fpl$dflt          fz_ws.l(dflt_clz.o)
    0x08003d50   0x08003d50   0x00000078   Code   RO         3698    x$fpl$dleqf         fz_ws.l(dleqf.o)
    0x08003dc8   0x08003dc8   0x00000154   Code   RO         3700    x$fpl$dmul          fz_ws.l(dmul.o)
    0x08003f1c   0x08003f1c   0x0000009c   Code   RO         3816    x$fpl$dnaninf       fz_ws.l(dnaninf.o)
    0x08003fb8   0x08003fb8   0x0000000c   Code   RO         3818    x$fpl$dretinf       fz_ws.l(dretinf.o)
    0x08003fc4   0x08003fc4   0x0000006c   Code   RO         3702    x$fpl$drleqf        fz_ws.l(drleqf.o)
    0x08004030   0x08004030   0x000001d4   Code   RO         3680    x$fpl$dsub          fz_ws.l(daddsub_clz.o)
    0x08004204   0x08004204   0x00000056   Code   RO         3704    x$fpl$f2d           fz_ws.l(f2d.o)
    0x0800425a   0x0800425a   0x00000002   PAD
    0x0800425c   0x0800425c   0x000000c4   Code   RO         3706    x$fpl$fadd          fz_ws.l(faddsub_clz.o)
    0x08004320   0x08004320   0x00000018   Code   RO         3820    x$fpl$fcmpinf       fz_ws.l(fcmpi.o)
    0x08004338   0x08004338   0x00000184   Code   RO         3713    x$fpl$fdiv          fz_ws.l(fdiv.o)
    0x080044bc   0x080044bc   0x00000036   Code   RO         3716    x$fpl$ffix          fz_ws.l(ffix.o)
    0x080044f2   0x080044f2   0x00000002   PAD
    0x080044f4   0x080044f4   0x0000003e   Code   RO         3720    x$fpl$ffixu         fz_ws.l(ffixu.o)
    0x08004532   0x08004532   0x00000002   PAD
    0x08004534   0x08004534   0x00000030   Code   RO         3725    x$fpl$fflt          fz_ws.l(fflt_clz.o)
    0x08004564   0x08004564   0x00000026   Code   RO         3724    x$fpl$ffltu         fz_ws.l(fflt_clz.o)
    0x0800458a   0x0800458a   0x00000002   PAD
    0x0800458c   0x0800458c   0x00000068   Code   RO         3730    x$fpl$fleqf         fz_ws.l(fleqf.o)
    0x080045f4   0x080045f4   0x00000102   Code   RO         3732    x$fpl$fmul          fz_ws.l(fmul.o)
    0x080046f6   0x080046f6   0x0000008c   Code   RO         3822    x$fpl$fnaninf       fz_ws.l(fnaninf.o)
    0x08004782   0x08004782   0x0000000a   Code   RO         3824    x$fpl$fretinf       fz_ws.l(fretinf.o)
    0x0800478c   0x0800478c   0x00000062   Code   RO         3734    x$fpl$frleqf        fz_ws.l(frleqf.o)
    0x080047ee   0x080047ee   0x00000014   Code   RO         3707    x$fpl$frsb          fz_ws.l(faddsub_clz.o)
    0x08004802   0x08004802   0x00000002   PAD
    0x08004804   0x08004804   0x000000ea   Code   RO         3708    x$fpl$fsub          fz_ws.l(faddsub_clz.o)
    0x080048ee   0x080048ee   0x00000004   Code   RO         3736    x$fpl$printf1       fz_ws.l(printf1.o)
    0x080048f2   0x080048f2   0x00000000   Code   RO         3832    x$fpl$usenofp       fz_ws.l(usenofp.o)
    0x080048f2   0x080048f2   0x00000011   Data   RO         3663    .constdata          c_w.l(__printf_flags_ss_wp.o)
    0x08004903   0x08004903   0x00000001   PAD
    0x08004904   0x08004904   0x00000094   Data   RO         3867    .constdata          c_w.l(bigflt0.o)
    0x08004998   0x08004998   0x00000020   Data   RO         4044    Region$$Table       anon$$obj.o
    0x080049b8   0x080049b8   0x0000001c   Data   RO         3897    locale$$data        c_w.l(lc_numeric_c.o)


    Execution Region RW_IRAM1 (Exec base: 0x20000000, Load base: 0x080049d4, Size: 0x000006e0, Max: 0x00005000, ABSOLUTE)

    Exec Addr    Load Addr    Size         Type   Attr      Idx    E Section Name        Object

    0x20000000   0x080049d4   0x00000004   Data   RW          322    .data               motor.o
    0x20000004   0x080049d8   0x00000004   Data   RW          369    .data               pwm.o
    0x20000008   0x080049dc   0x00000006   Data   RW          558    .data               usart.o
    0x2000000e   0x080049e2   0x00000002   PAD
    0x20000010   0x080049e4   0x0000003e   Data   RW          603    .data               common.o
    0x2000004e   0x08004a22   0x00000002   PAD
    0x20000050   0x08004a24   0x00000018   Data   RW          618    .data               pid.o
    0x20000068   0x08004a3c   0x00000014   Data   RW         2261    .data               stm32f10x_rcc.o
    0x2000007c        -       0x00000060   Zero   RW         3905    .bss                c_w.l(libspace.o)
    0x200000dc   0x08004a50   0x00000004   PAD
    0x200000e0        -       0x00000200   Zero   RW          647    HEAP                startup_stm32f10x_md.o
    0x200002e0        -       0x00000400   Zero   RW          646    STACK               startup_stm32f10x_md.o


==============================================================================

Image component sizes


      Code (inc. data)   RO Data    RW Data    ZI Data      Debug   Object Name

         0          0          0         62          0        855   common.o
        72          0          0          0          0        914   delay.o
       582         56          0          0          0       4163   encoder.o
        36          4          0          0          0        417   led.o
       504         66          0          0          0     253273   main.o
       132         22          0          0          0       1511   misc.o
      1808        466          0          4          0       3832   motor.o
       740         90          0         24          0       2321   pid.o
       592         82          0          4          0     206062   pwm.o
       484         54          0          0          0       1546   sensor.o
        64         26        236          0       1536        812   startup_stm32f10x_md.o
        52         12          0          0          0       1005   stm32f10x_flash.o
       440          6          0          0          0       3350   stm32f10x_gpio.o
        26          0          0          0          0       3482   stm32f10x_it.o
       696         92          0         20          0       9922   stm32f10x_rcc.o
      1918        200          0          0          0      16998   stm32f10x_tim.o
       408          6          0          0          0       4834   stm32f10x_usart.o
       110          0          0          0          0        524   sys.o
       328         28          0          0          0       1821   system_stm32f10x.o
       244         20          0          6          0       4052   usart.o

    ----------------------------------------------------------------------
      9266       1230        268        124       1536     521694   Object Totals
         0          0         32          0          0          0   (incl. Generated)
        30          0          0          4          0          0   (incl. Padding)

    ----------------------------------------------------------------------

      Code (inc. data)   RO Data    RW Data    ZI Data      Debug   Library Member Name

        24          4          0          0          0         84   __2printf.o
         8          0          0          0          0         68   __main.o
       392          4         17          0          0         92   __printf_flags_ss_wp.o
        14          0          0          0          0         68   __printf_wp.o
         0          0          0          0          0          0   __rtentry.o
        12          0          0          0          0          0   __rtentry2.o
         6          0          0          0          0          0   __rtentry4.o
        52          8          0          0          0          0   __scatter.o
        26          0          0          0          0          0   __scatter_copy.o
        28          0          0          0          0          0   __scatter_zi.o
        48          6          0          0          0         96   _printf_char_common.o
        36          4          0          0          0         80   _printf_char_file.o
         6          0          0          0          0          0   _printf_d.o
       120         16          0          0          0         92   _printf_dec.o
         6          0          0          0          0          0   _printf_f.o
      1054          0          0          0          0        216   _printf_fp_dec.o
       128         16          0          0          0         84   _printf_fp_infnan.o
       178          0          0          0          0         88   _printf_intcommon.o
         0          0          0          0          0          0   _printf_percent.o
         4          0          0          0          0          0   _printf_percent_end.o
       228          4        148          0          0         96   bigflt0.o
      1936        128          0          0          0        672   btod.o
        18          0          0          0          0         80   exit.o
         8          0          0          0          0         68   ferror.o
         6          0          0          0          0        152   heapauxi.o
        44         10         28          0          0         76   lc_numeric_c.o
         2          0          0          0          0          0   libinit.o
        18          0          0          0          0          0   libinit2.o
         2          0          0          0          0          0   libshutdown.o
         2          0          0          0          0          0   libshutdown2.o
         8          4          0          0         96         68   libspace.o
       138          0          0          0          0         80   lludiv10.o
         8          4          0          0          0         68   rt_locale_intlibspace.o
        78          0          0          0          0         80   rt_memclr_w.o
         2          0          0          0          0          0   rtexit.o
        10          0          0          0          0          0   rtexit2.o
       128          0          0          0          0         68   strcmpv7m.o
        74          0          0          0          0         80   sys_stackheap_outer.o
         2          0          0          0          0         68   use_no_semi.o
         2          0          0          0          0         68   use_no_semi_2.o
        98          4          0          0          0         92   d2f.o
       804         16          0          0          0        272   daddsub_clz.o
        24          0          0          0          0         68   dcmpi.o
       688        140          0          0          0        208   ddiv.o
        94          4          0          0          0         92   dfix.o
        46          0          0          0          0         68   dflt_clz.o
       120          4          0          0          0         92   dleqf.o
       340         12          0          0          0        104   dmul.o
       156          4          0          0          0         92   dnaninf.o
        12          0          0          0          0         68   dretinf.o
       108          0          0          0          0         80   drleqf.o
        86          4          0          0          0         84   f2d.o
       450          8          0          0          0        236   faddsub_clz.o
        24          0          0          0          0         68   fcmpi.o
       388         76          0          0          0         96   fdiv.o
        54          4          0          0          0         84   ffix.o
        62          4          0          0          0         84   ffixu.o
        86          0          0          0          0        136   fflt_clz.o
       104          4          0          0          0         84   fleqf.o
       258          4          0          0          0         84   fmul.o
       140          4          0          0          0         84   fnaninf.o
        10          0          0          0          0         68   fretinf.o
        98          0          0          0          0         68   frleqf.o
         4          0          0          0          0         68   printf1.o
         0          0          0          0          0          0   usenofp.o
        40          0          0          0          0         68   fpclassify.o

    ----------------------------------------------------------------------
      9172        500        194          0        100       5240   Library Totals
        22          0          1          0          4          0   (incl. Padding)

    ----------------------------------------------------------------------

      Code (inc. data)   RO Data    RW Data    ZI Data      Debug   Library Name

      4856        208        193          0         96       2692   c_w.l
      4254        292          0          0          0       2480   fz_ws.l
        40          0          0          0          0         68   m_ws.l

    ----------------------------------------------------------------------
      9172        500        194          0        100       5240   Library Totals

    ----------------------------------------------------------------------

==============================================================================


      Code (inc. data)   RO Data    RW Data    ZI Data      Debug   

     18438       1730        462        124       1636     518922   Grand Totals
     18438       1730        462        124       1636     518922   ELF Image Totals
     18438       1730        462        124          0          0   ROM Totals

==============================================================================

    Total RO  Size (Code + RO Data)                18900 (  18.46kB)
    Total RW  Size (RW Data + ZI Data)              1760 (   1.72kB)
    Total ROM Size (Code + RO Data + RW Data)      19024 (  18.58kB)

==============================================================================

